 Contents of Test Set sample  

 No. 1:Simple equation -u" = lambda u                                          
 No parameters

 No. 2:transformed -u''=lambda u                                               
 Parms NU, must be >0                                                          

 No. 3:Branko Curgus2: -y''=lambda x y  on [-1,1]                              
 No parameters

 No. 4:-u''=lambda u with a lambda-dependent BC                                
 Parms A1', A2' where (A1+lam*A1')u(a)=(A2+lam*A2')pu'(a)                      

 No. 5:Branko Curgus4: -(sign(x)y')'=lambda sign(x) y on [-1,1]                
 No parameters

 No. 6:Klaus 1: -(y'/2)'+(x^2/8(x<0),x^2/2(x>=0)y = lambda y                   
 No parameters

 No. 7:Simple equation -u" = lambda u with u = A1*x+A2 near 0                  
 No parameters

 No. 8:Another transformed version of Hinz problem                             
 No parameters

 No. 9:Transformed Hinz prob, -(xu')' + x cos(x) u = lambda x u                
 No parameters

 No.10:Hinz problem -u" + (cos(x) - 1/(4x^2))u = lambda u                      
 No parameters
