 Contents of Test Set standard

 No. 1:-u" + u/(x+alpha)^2 = lambda u                                          
 Parms alpha(>0, 0.1 gives standard problem in book)                           

 No. 2:Mathieu equation -u" + 2r cos(2x) u = lambda u                          
 Parms r                                                                       

 No. 3:Ref: Klotter, Technisch Schwingungslehre, I, p.12                       
 No parameters

 No. 4:Truncated Hydrogen equation                                             
 Parms Right-hand endpoint b                                                   

 No. 5:Version of Mathieu equation, -u" + c cos(x) u = lambda u                
 Parms c                                                                       

 No. 6:Truncated Gelfand-Levitan.                                              
 No parameters

 No. 7:Coffey-Evans eqn -u" + beta[beta sin(2x)^2 - 2cos(2x)]u = lam u         
 Parms beta                                                                    

 No. 8:Truncated Lennard-Jones LJ(12,6)                                        
 Parms endpoint b                                                              

 No. 9:Regular with nasty w(x). Ref Fox, BVPs in DEs, Wisconsin 1960           
 No parameters

 No.10:Regular with nasty 1/p(x). Ref: J D Pryce, Num Sol SLPs, 1993           
 No parameters

 No.11:Regular with nasty q(x). Ref: Pruess/Fulton 133                         
 No parameters

 No.12:Bessel`s equation -(xu')' + (nu**2/x) u = lambda x u                    
 Parms nu**2(can be <0)                                                        

 No.13:Bessel eqn in normal form. -u" + ((nu**2-1/4)/x**2)u = lam u            
 Parms nu**2(can be <0)                                                        

 No.14:Ref: Bender & Orzsag. -u" - l(l+1)sech**2(x) u = lambda u               
 Parms l                                                                       

 No.15:Assoc. Legendre eqn. -((1-x^2)u')' + c u/(1-x^2) = lambda u             
 Parms c(c=0 for usual Legendre, c=1/4 for Chebyshev)                          

 No.16:Assoc Legendre tfmed. -u" + [(c-1/4)sec(x)^2 - 1/4] u = lambda u        
 Parms c(c=0 for usual Legendre, c=1/4 reduces to regular case)                

 No.17:Anharmonic oscillator(Marletta PhD) -u" + x^alpha u = lambda u          
 Parms alpha                                                                   

 No.18:Bessel, order 0. -(xu')' = lambda x u                                   
 No parameters

 No.19:Bessel, order 1/2. -(xu')' + 1/(4x) u = lambda x u                      
 No parameters

 No.20:Legendre eqn. -((1-x^2)u')' = lambda u                                  
 No parameters

 No.21:Slightly tricky q(x). -u" -(10/x^1.5) u = lambda u                      
 No parameters

 No.22:Legendre eqn, Liouville form. -u" -(1/4)sec(x)^2 u = lambda u           
 No parameters

 No.23:Generalized hypergeom., -u"+ (-242ch x + 241)/(4sh(x)^2)u=lam u         
 No parameters

 No.24:Latzko equation. -((1-x^7)u')' = lambda x^7 u                           
 No parameters

 No.25:Transformed regular -(x^4 u')' - 2x^2 u = lambda x^4 u                  
 No parameters

 No.26:Mysterious exact lam_0=7. -(x^3 u')' + x^3 u = lambda x^2 u             
 No parameters

 No.27:Airy equation. -u" + x u = lambda u                                     
 No parameters

 No.28:Harmonic oscillator. -u" + x^2 u = lambda u                             
 No parameters

 No.29:Hydrogen atom. -u" + (2/x^2 - 1/x) u = lambda u                         
 No parameters

 No.30:Coulomb potential. -u" - u/x = lambda u                                 
 No parameters

 No.31:Transformed H-atom. -(x^2 u')' -(l(l+1)-x) u = lambda x^2 u             
 Parms l(integer>=0)                                                           

 No.32:Laguerre eqn. -u" + (x^2 + (alpha-1/4)/x^2) u = lambda u                
 Parms alpha(=1 for standard problem)                                          

 No.33:Raman Scattering. -u" + (-7x^2 + 0.5x^3 + x^4) u = 0.5 lambda u         
 No parameters

 No.34:Pruess LCN/LCO border. -u"/2 -(1/(8x^2)+sech(x)^2) u = lambda u         
 No parameters

 No.35:Morse(1929) potential. -u" + (9e^(-x)-18e^(-2x))u = lambda u            
 No parameters

 No.36:Morse potential, Secrest et al.(1962)                                   
 No parameters

 No.37:Quartic anharmonic oscillator. -u" + (x^4 + x^2) u = lambda u           
 No parameters

 No.38:Close-evs problem -u" + (x^4-25x^2) u = lambda u                        
 No parameters

 No.39:Morse(Marletta). -u" + 8000[e^(-3x) - 2e^(-3x/2)] u = lambda u          
 No parameters

 No.40:Wicke and Harris(1976), spike at bottom of well                         
 No parameters

 No.41:Woods-Saxon potential(Vanden Berghe et al. 1989).                       
 Parms l(>=0)                                                                  

 No.42:Another model potential(Vanden Berghe et al. 1989).                     
 Parms l                                                                       

 No.43:Bessel, LCN/LCO border. -u" + ((alpha-1/4)/x^2)u = lam u                
 Parms alpha, say in range -0.1 to 0.1                                         

 No.44:Border of LPN and LCN. -u" + x^(alpha-2) u = lambda u                   
 Parms alpha(near 0)                                                           

 No.45:Border of LCN and LCO. -u" - x^(alpha-2) u = lambda u                   
 Parms alpha(near 0)                                                           

 No.46:Bessel normal form, nonFried. BC, ref. Bailey Everitt Zettl 1991        
 No parameters

 No.47:NonFriedrichs, Pryce/Marletta. -(xu')'+(b/x)^2 u = lam x^(2b)u          
 Parms b(>0)                                                                   

 No.48:Spectral density fn. example. Ref: Pruess/Fulton 75                     
 No parameters

 No.49:Modified Bessel(Bessel of order nu=i/2). Ref: Pruess/Fulton 33          
 No parameters

 No.50:Weierstrass-Mandelbrot. -u" + (c-(omega^2+.25)/x^2) u = lambda u        
 Parms omega >0 & offset c; c>0 vital for SLEIGN2 to find lambda_0             

 No.51:Titchmarsh problem. -u" - e^x u = lambda u                              
 No parameters

 No.52:Limit-circle osc with cont spectrum. -u" -1/x^3 u = lambda u            
 No parameters

 No.53:Approximate harmonic oscillator, Pryce 1993                             
 Parms b (reg BCs u(-b)=u(b)=0 are used, b>=10^35 taken as Infinity)           

 No.54:Indefinite weight function, Marletta PhD 1991                           
 No parameters

 No.55:Indefinite weight fn, Bailey et al. ACM TOMS 1978                       
 No parameters

 No.56:lambda-dependent BC at x=a, Fulton/Pruess 1992                          
 Parms A1 A2 A1' A2' in SLEDGE-style BCs, 1 0 0 1 for prob. in book            

 No.57:lambda-dependent BC at x=a, Fulton/Pruess private comm. 1992            
 Parms A1 A2 A1' A2' in SLEDGE-style BCs, 1 0 0 1 for prob. in book            

 No.58:Rossby wave equation, Drazin et al. J Fluid Mech 1982                   
 Parms alpha, c                                                                

 No.59:Ref Gelfand & Levitan, AMS Translations 1955.                           
 No parameters

 No.60:Problem with pseudo-eigenvalue, Pryce 1989, ref Marletta PhD 91         
 No parameters
