
*********************
** std_tensor_mesh **
*********************
NX = 2 NY = 2


            p2_mesh statistics
            Polygon Type = Quadrilateral
           +----------+----------+----------+
           | Total    | Internal | Boundary |
+----------+----------+----------+----------+
| Vertices |        9 |        1 |        8 | 
+----------+----------+----------+----------+
| Edges    |       12 |        4 |        8 | 
+----------+----------+----------+----------+
| Polygons |        4 |        0 |        4 | 
+----------+----------+----------+----------+

Vertices: 9 (total) 8 (boundary) 1 (internal) 
Edges:    12 (total) 8 (boundary) 4 (internal) 
Polygons: 4 (total) 4 (boundary) 0 (internal) 

Vertex  numbering is consistent
Edge    numbering is consistent
Polygon numbering is consistent
BUILT-IN CONSISTENCY CHECK : MESH IS OK

Bounding box:        0         0         1         1

Vertex:	0 -- ( 0 , 0 )

Vertex:	1 -- ( 0.5 , 0 )

Vertex:	2 -- ( 1 , 0 )

Vertex:	3 -- ( 1 , 0.5 )

Vertex:	4 -- ( 1 , 1 )

Vertex:	5 -- ( 0.5 , 1 )

Vertex:	6 -- ( 0 , 1 )

Vertex:	7 -- ( 0 , 0.5 )

Vertex:	8 -- ( 0.5 , 0.5 )

Edge:	0

	Vertex(0) loc = 0 glob = 0 ( 0 , 0 )
	Vertex(1) loc = 1 glob = 1 ( 0.5 , 0 )
	edge is on the boundary

	Left polygon  loc = 0 glob = 0
	adj edge(0)   loc = 0 glob = 10
	adj edge(1)   loc = 1 glob = 8
	adj edge(2)   loc = 2 glob = 7

	Midpoint:            ( 0.25 , 0 )
	(1/4 and 3/4) point: ( 0.125 , 0 ) , ( 0.375 , 0 )
	Orthogonal vector:   [ 0 , -0.5 ]
	Tangent vector:      [ 0.5 , 0 ]
	Length:              0.5

Edge:	1

	Vertex(0) loc = 0 glob = 1 ( 0.5 , 0 )
	Vertex(1) loc = 1 glob = 2 ( 1 , 0 )
	edge is on the boundary

	Left polygon  loc = 0 glob = 1
	adj edge(0)   loc = 0 glob = 2
	adj edge(1)   loc = 1 glob = 9
	adj edge(2)   loc = 2 glob = 10

	Midpoint:            ( 0.75 , 0 )
	(1/4 and 3/4) point: ( 0.625 , 0 ) , ( 0.875 , 0 )
	Orthogonal vector:   [ 0 , -0.5 ]
	Tangent vector:      [ 0.5 , 0 ]
	Length:              0.5

Edge:	2

	Vertex(0) loc = 0 glob = 2 ( 1 , 0 )
	Vertex(1) loc = 1 glob = 3 ( 1 , 0.5 )
	edge is on the boundary

	Left polygon  loc = 0 glob = 1
	adj edge(0)   loc = 0 glob = 9
	adj edge(1)   loc = 1 glob = 10
	adj edge(2)   loc = 2 glob = 1

	Midpoint:            ( 1 , 0.25 )
	(1/4 and 3/4) point: ( 1 , 0.125 ) , ( 1 , 0.375 )
	Orthogonal vector:   [ 0.5 , 0 ]
	Tangent vector:      [ 0 , 0.5 ]
	Length:              0.5

Edge:	3

	Vertex(0) loc = 0 glob = 3 ( 1 , 0.5 )
	Vertex(1) loc = 1 glob = 4 ( 1 , 1 )
	edge is on the boundary

	Left polygon  loc = 0 glob = 2
	adj edge(0)   loc = 0 glob = 4
	adj edge(1)   loc = 1 glob = 11
	adj edge(2)   loc = 2 glob = 9

	Midpoint:            ( 1 , 0.75 )
	(1/4 and 3/4) point: ( 1 , 0.625 ) , ( 1 , 0.875 )
	Orthogonal vector:   [ 0.5 , 0 ]
	Tangent vector:      [ 0 , 0.5 ]
	Length:              0.5

Edge:	4

	Vertex(0) loc = 0 glob = 4 ( 1 , 1 )
	Vertex(1) loc = 1 glob = 5 ( 0.5 , 1 )
	edge is on the boundary

	Left polygon  loc = 0 glob = 2
	adj edge(0)   loc = 0 glob = 11
	adj edge(1)   loc = 1 glob = 9
	adj edge(2)   loc = 2 glob = 3

	Midpoint:            ( 0.75 , 1 )
	(1/4 and 3/4) point: ( 0.875 , 1 ) , ( 0.625 , 1 )
	Orthogonal vector:   [ 0 , 0.5 ]
	Tangent vector:      [ -0.5 , 0 ]
	Length:              0.5

Edge:	5

	Vertex(0) loc = 0 glob = 5 ( 0.5 , 1 )
	Vertex(1) loc = 1 glob = 6 ( 0 , 1 )
	edge is on the boundary

	Left polygon  loc = 0 glob = 3
	adj edge(0)   loc = 0 glob = 6
	adj edge(1)   loc = 1 glob = 8
	adj edge(2)   loc = 2 glob = 11

	Midpoint:            ( 0.25 , 1 )
	(1/4 and 3/4) point: ( 0.375 , 1 ) , ( 0.125 , 1 )
	Orthogonal vector:   [ 0 , 0.5 ]
	Tangent vector:      [ -0.5 , 0 ]
	Length:              0.5

Edge:	6

	Vertex(0) loc = 0 glob = 6 ( 0 , 1 )
	Vertex(1) loc = 1 glob = 7 ( 0 , 0.5 )
	edge is on the boundary

	Left polygon  loc = 0 glob = 3
	adj edge(0)   loc = 0 glob = 8
	adj edge(1)   loc = 1 glob = 11
	adj edge(2)   loc = 2 glob = 5

	Midpoint:            ( 0 , 0.75 )
	(1/4 and 3/4) point: ( 0 , 0.875 ) , ( 0 , 0.625 )
	Orthogonal vector:   [ -0.5 , 0 ]
	Tangent vector:      [ 0 , -0.5 ]
	Length:              0.5

Edge:	7

	Vertex(0) loc = 0 glob = 7 ( 0 , 0.5 )
	Vertex(1) loc = 1 glob = 0 ( 0 , 0 )
	edge is on the boundary

	Left polygon  loc = 0 glob = 0
	adj edge(0)   loc = 0 glob = 0
	adj edge(1)   loc = 1 glob = 10
	adj edge(2)   loc = 2 glob = 8

	Midpoint:            ( 0 , 0.25 )
	(1/4 and 3/4) point: ( 0 , 0.375 ) , ( 0 , 0.125 )
	Orthogonal vector:   [ -0.5 , 0 ]
	Tangent vector:      [ 0 , -0.5 ]
	Length:              0.5

Edge:	8

	Vertex(0) loc = 0 glob = 7 ( 0 , 0.5 )
	Vertex(1) loc = 1 glob = 8 ( 0.5 , 0.5 )

	Left polygon  loc = 0 glob = 3

	Rigth polygon loc = 1 glob = 0
	adj edge(0)   loc = 0 glob = 11
	adj edge(1)   loc = 1 glob = 5
	adj edge(2)   loc = 2 glob = 6
	adj edge(3)   loc = 3 glob = 7
	adj edge(4)   loc = 4 glob = 0
	adj edge(5)   loc = 5 glob = 10

	Midpoint:            ( 0.25 , 0.5 )
	(1/4 and 3/4) point: ( 0.125 , 0.5 ) , ( 0.375 , 0.5 )
	Orthogonal vector:   [ 0 , -0.5 ]
	Tangent vector:      [ 0.5 , 0 ]
	Length:              0.5

Edge:	9

	Vertex(0) loc = 0 glob = 8 ( 0.5 , 0.5 )
	Vertex(1) loc = 1 glob = 3 ( 1 , 0.5 )

	Left polygon  loc = 0 glob = 2

	Rigth polygon loc = 1 glob = 1
	adj edge(0)   loc = 0 glob = 3
	adj edge(1)   loc = 1 glob = 4
	adj edge(2)   loc = 2 glob = 11
	adj edge(3)   loc = 3 glob = 10
	adj edge(4)   loc = 4 glob = 1
	adj edge(5)   loc = 5 glob = 2

	Midpoint:            ( 0.75 , 0.5 )
	(1/4 and 3/4) point: ( 0.625 , 0.5 ) , ( 0.875 , 0.5 )
	Orthogonal vector:   [ 0 , -0.5 ]
	Tangent vector:      [ 0.5 , 0 ]
	Length:              0.5

Edge:	10

	Vertex(0) loc = 0 glob = 1 ( 0.5 , 0 )
	Vertex(1) loc = 1 glob = 8 ( 0.5 , 0.5 )

	Left polygon  loc = 0 glob = 0

	Rigth polygon loc = 1 glob = 1
	adj edge(0)   loc = 0 glob = 8
	adj edge(1)   loc = 1 glob = 7
	adj edge(2)   loc = 2 glob = 0
	adj edge(3)   loc = 3 glob = 1
	adj edge(4)   loc = 4 glob = 2
	adj edge(5)   loc = 5 glob = 9

	Midpoint:            ( 0.5 , 0.25 )
	(1/4 and 3/4) point: ( 0.5 , 0.125 ) , ( 0.5 , 0.375 )
	Orthogonal vector:   [ 0.5 , 0 ]
	Tangent vector:      [ 0 , 0.5 ]
	Length:              0.5

Edge:	11

	Vertex(0) loc = 0 glob = 8 ( 0.5 , 0.5 )
	Vertex(1) loc = 1 glob = 5 ( 0.5 , 1 )

	Left polygon  loc = 0 glob = 3

	Rigth polygon loc = 1 glob = 2
	adj edge(0)   loc = 0 glob = 5
	adj edge(1)   loc = 1 glob = 6
	adj edge(2)   loc = 2 glob = 8
	adj edge(3)   loc = 3 glob = 9
	adj edge(4)   loc = 4 glob = 3
	adj edge(5)   loc = 5 glob = 4

	Midpoint:            ( 0.5 , 0.75 )
	(1/4 and 3/4) point: ( 0.5 , 0.625 ) , ( 0.5 , 0.875 )
	Orthogonal vector:   [ 0.5 , 0 ]
	Tangent vector:      [ 0 , 0.5 ]
	Length:              0.5
Poly: 0
	Centroid: ( 0.25 , 0.25 )
	Area:     0.25

	vertex(0) loc = 0 glob = 0 coor ( 0 , 0 )
	vertex(1) loc = 1 glob = 1 coor ( 0.5 , 0 )
	vertex(2) loc = 2 glob = 8 coor ( 0.5 , 0.5 )
	vertex(3) loc = 3 glob = 7 coor ( 0 , 0.5 )

	edge(0) loc = 0 glob = 0 orientation 1
	Midpoint:          ( 0.25 , 0 )
	1/4 & 3/4 nodes:   ( 0.125 , 0 ),  ( 0.375 , 0 )
	Orthogonal vector: [ 0 , -0.5 ]
	Tangent vector:    [ 0.5 , 0 ]
	Length:              0.5

	edge(1) loc = 1 glob = 10 orientation 1
	Midpoint:          ( 0.5 , 0.25 )
	1/4 & 3/4 nodes:   ( 0.5 , 0.125 ),  ( 0.5 , 0.375 )
	Orthogonal vector: [ 0.5 , 0 ]
	Tangent vector:    [ 0 , 0.5 ]
	Length:              0.5

	edge(2) loc = 2 glob = 8 orientation 0
	Midpoint:          ( 0.25 , 0.5 )
	1/4 & 3/4 nodes:   ( 0.375 , 0.5 ),  ( 0.125 , 0.5 )
	Orthogonal vector: [ 0 , 0.5 ]
	Tangent vector:    [ -0.5 , 0 ]
	Length:              0.5

	edge(3) loc = 3 glob = 7 orientation 1
	Midpoint:          ( 0 , 0.25 )
	1/4 & 3/4 nodes:   ( 0 , 0.375 ),  ( 0 , 0.125 )
	Orthogonal vector: [ -0.5 , 0 ]
	Tangent vector:    [ 0 , -0.5 ]
	Length:              0.5

	poly(0) not existing
	poly(1) loc = 1 glob = 1
	poly(2) loc = 2 glob = 3
	poly(3) not existing

	Mapping polygon: actual ==> reference ==> actual 
	(x,y) = (0.25,0) ==> (s,t) = (0,-1) ==> (x,y) = (0.25,0)
	(x,y) = (0.5,0.25) ==> (s,t) = (1,0) ==> (x,y) = (0.5,0.25)
	(x,y) = (0.25,0.5) ==> (s,t) = (0,1) ==> (x,y) = (0.25,0.5)
	(x,y) = (0,0.25) ==> (s,t) = (-1,0) ==> (x,y) = (0,0.25)

	Jacobian:	    0.25	       0
	         	       0	    0.25

	Inverse: 	       4	       0
	         	       0	       4

Poly: 1
	Centroid: ( 0.75 , 0.25 )
	Area:     0.25

	vertex(0) loc = 0 glob = 1 coor ( 0.5 , 0 )
	vertex(1) loc = 1 glob = 2 coor ( 1 , 0 )
	vertex(2) loc = 2 glob = 3 coor ( 1 , 0.5 )
	vertex(3) loc = 3 glob = 8 coor ( 0.5 , 0.5 )

	edge(0) loc = 0 glob = 1 orientation 1
	Midpoint:          ( 0.75 , 0 )
	1/4 & 3/4 nodes:   ( 0.625 , 0 ),  ( 0.875 , 0 )
	Orthogonal vector: [ 0 , -0.5 ]
	Tangent vector:    [ 0.5 , 0 ]
	Length:              0.5

	edge(1) loc = 1 glob = 2 orientation 1
	Midpoint:          ( 1 , 0.25 )
	1/4 & 3/4 nodes:   ( 1 , 0.125 ),  ( 1 , 0.375 )
	Orthogonal vector: [ 0.5 , 0 ]
	Tangent vector:    [ 0 , 0.5 ]
	Length:              0.5

	edge(2) loc = 2 glob = 9 orientation 0
	Midpoint:          ( 0.75 , 0.5 )
	1/4 & 3/4 nodes:   ( 0.875 , 0.5 ),  ( 0.625 , 0.5 )
	Orthogonal vector: [ 0 , 0.5 ]
	Tangent vector:    [ -0.5 , 0 ]
	Length:              0.5

	edge(3) loc = 3 glob = 10 orientation 0
	Midpoint:          ( 0.5 , 0.25 )
	1/4 & 3/4 nodes:   ( 0.5 , 0.375 ),  ( 0.5 , 0.125 )
	Orthogonal vector: [ -0.5 , 0 ]
	Tangent vector:    [ 0 , -0.5 ]
	Length:              0.5

	poly(0) not existing
	poly(1) not existing
	poly(2) loc = 2 glob = 2
	poly(3) loc = 3 glob = 0

	Mapping polygon: actual ==> reference ==> actual 
	(x,y) = (0.75,0) ==> (s,t) = (0,-1) ==> (x,y) = (0.75,0)
	(x,y) = (1,0.25) ==> (s,t) = (1,0) ==> (x,y) = (1,0.25)
	(x,y) = (0.75,0.5) ==> (s,t) = (0,1) ==> (x,y) = (0.75,0.5)
	(x,y) = (0.5,0.25) ==> (s,t) = (-1,0) ==> (x,y) = (0.5,0.25)

	Jacobian:	    0.25	       0
	         	       0	    0.25

	Inverse: 	       4	       0
	         	       0	       4

Poly: 2
	Centroid: ( 0.75 , 0.75 )
	Area:     0.25

	vertex(0) loc = 0 glob = 8 coor ( 0.5 , 0.5 )
	vertex(1) loc = 1 glob = 3 coor ( 1 , 0.5 )
	vertex(2) loc = 2 glob = 4 coor ( 1 , 1 )
	vertex(3) loc = 3 glob = 5 coor ( 0.5 , 1 )

	edge(0) loc = 0 glob = 9 orientation 1
	Midpoint:          ( 0.75 , 0.5 )
	1/4 & 3/4 nodes:   ( 0.625 , 0.5 ),  ( 0.875 , 0.5 )
	Orthogonal vector: [ 0 , -0.5 ]
	Tangent vector:    [ 0.5 , 0 ]
	Length:              0.5

	edge(1) loc = 1 glob = 3 orientation 1
	Midpoint:          ( 1 , 0.75 )
	1/4 & 3/4 nodes:   ( 1 , 0.625 ),  ( 1 , 0.875 )
	Orthogonal vector: [ 0.5 , 0 ]
	Tangent vector:    [ 0 , 0.5 ]
	Length:              0.5

	edge(2) loc = 2 glob = 4 orientation 1
	Midpoint:          ( 0.75 , 1 )
	1/4 & 3/4 nodes:   ( 0.875 , 1 ),  ( 0.625 , 1 )
	Orthogonal vector: [ 0 , 0.5 ]
	Tangent vector:    [ -0.5 , 0 ]
	Length:              0.5

	edge(3) loc = 3 glob = 11 orientation 0
	Midpoint:          ( 0.5 , 0.75 )
	1/4 & 3/4 nodes:   ( 0.5 , 0.875 ),  ( 0.5 , 0.625 )
	Orthogonal vector: [ -0.5 , 0 ]
	Tangent vector:    [ 0 , -0.5 ]
	Length:              0.5

	poly(0) loc = 0 glob = 1
	poly(1) not existing
	poly(2) not existing
	poly(3) loc = 3 glob = 3

	Mapping polygon: actual ==> reference ==> actual 
	(x,y) = (0.75,0.5) ==> (s,t) = (0,-1) ==> (x,y) = (0.75,0.5)
	(x,y) = (1,0.75) ==> (s,t) = (1,0) ==> (x,y) = (1,0.75)
	(x,y) = (0.75,1) ==> (s,t) = (0,1) ==> (x,y) = (0.75,1)
	(x,y) = (0.5,0.75) ==> (s,t) = (-1,0) ==> (x,y) = (0.5,0.75)

	Jacobian:	    0.25	       0
	         	       0	    0.25

	Inverse: 	       4	       0
	         	       0	       4

Poly: 3
	Centroid: ( 0.25 , 0.75 )
	Area:     0.25

	vertex(0) loc = 0 glob = 7 coor ( 0 , 0.5 )
	vertex(1) loc = 1 glob = 8 coor ( 0.5 , 0.5 )
	vertex(2) loc = 2 glob = 5 coor ( 0.5 , 1 )
	vertex(3) loc = 3 glob = 6 coor ( 0 , 1 )

	edge(0) loc = 0 glob = 8 orientation 1
	Midpoint:          ( 0.25 , 0.5 )
	1/4 & 3/4 nodes:   ( 0.125 , 0.5 ),  ( 0.375 , 0.5 )
	Orthogonal vector: [ 0 , -0.5 ]
	Tangent vector:    [ 0.5 , 0 ]
	Length:              0.5

	edge(1) loc = 1 glob = 11 orientation 1
	Midpoint:          ( 0.5 , 0.75 )
	1/4 & 3/4 nodes:   ( 0.5 , 0.625 ),  ( 0.5 , 0.875 )
	Orthogonal vector: [ 0.5 , 0 ]
	Tangent vector:    [ 0 , 0.5 ]
	Length:              0.5

	edge(2) loc = 2 glob = 5 orientation 1
	Midpoint:          ( 0.25 , 1 )
	1/4 & 3/4 nodes:   ( 0.375 , 1 ),  ( 0.125 , 1 )
	Orthogonal vector: [ 0 , 0.5 ]
	Tangent vector:    [ -0.5 , 0 ]
	Length:              0.5

	edge(3) loc = 3 glob = 6 orientation 1
	Midpoint:          ( 0 , 0.75 )
	1/4 & 3/4 nodes:   ( 0 , 0.875 ),  ( 0 , 0.625 )
	Orthogonal vector: [ -0.5 , 0 ]
	Tangent vector:    [ 0 , -0.5 ]
	Length:              0.5

	poly(0) loc = 0 glob = 0
	poly(1) loc = 1 glob = 2
	poly(2) not existing
	poly(3) not existing

	Mapping polygon: actual ==> reference ==> actual 
	(x,y) = (0.25,0.5) ==> (s,t) = (0,-1) ==> (x,y) = (0.25,0.5)
	(x,y) = (0.5,0.75) ==> (s,t) = (1,0) ==> (x,y) = (0.5,0.75)
	(x,y) = (0.25,1) ==> (s,t) = (0,1) ==> (x,y) = (0.25,1)
	(x,y) = (0,0.75) ==> (s,t) = (-1,0) ==> (x,y) = (0,0.75)

	Jacobian:	    0.25	       0
	         	       0	    0.25

	Inverse: 	       4	       0
	         	       0	       4


Built-in info for meshes: 

P2MESH STRUCTURE:

VERTICES
vertex:    0 (     0 ,     0 )
vertex:    1 (   0.5 ,     0 )
vertex:    2 (     1 ,     0 )
vertex:    3 (     1 ,   0.5 )
vertex:    4 (     1 ,     1 )
vertex:    5 (   0.5 ,     1 )
vertex:    6 (     0 ,     1 )
vertex:    7 (     0 ,   0.5 )
vertex:    8 (   0.5 ,   0.5 )

EDGES
edge:    0    V[     0     1 ]    P{     0   *   }
edge:    1    V[     1     2 ]    P{     1   *   }
edge:    2    V[     2     3 ]    P{     1   *   }
edge:    3    V[     3     4 ]    P{     2   *   }
edge:    4    V[     4     5 ]    P{     2   *   }
edge:    5    V[     5     6 ]    P{     3   *   }
edge:    6    V[     6     7 ]    P{     3   *   }
edge:    7    V[     7     0 ]    P{     0   *   }
edge:    8    V[     7     8 ]    P{     3     0 }
edge:    9    V[     8     3 ]    P{     2     1 }
edge:   10    V[     1     8 ]    P{     0     1 }
edge:   11    V[     8     5 ]    P{     3     2 }

POLYS
poly:    0    V[     0     1     8     7 ]    E[     0    10     8     7 ]
poly:    1    V[     1     2     3     8 ]    E[     1     2     9    10 ]
poly:    2    V[     8     3     4     5 ]    E[     9     3     4    11 ]
poly:    3    V[     7     8     5     6 ]    E[     8    11     5     6 ]

polygons = 4
edges    = 12
vertices = 9

Built-in info method for vertices: 
vertex:    0 (     0 ,     0 )
vertex:    1 (   0.5 ,     0 )
vertex:    2 (     1 ,     0 )
vertex:    3 (     1 ,   0.5 )
vertex:    4 (     1 ,     1 )
vertex:    5 (   0.5 ,     1 )
vertex:    6 (     0 ,     1 )
vertex:    7 (     0 ,   0.5 )
vertex:    8 (   0.5 ,   0.5 )


Built-in info method for edges: 
edge:    0    V[     0     1 ]    P{     0   *   }
edge:    1    V[     1     2 ]    P{     1   *   }
edge:    2    V[     2     3 ]    P{     1   *   }
edge:    3    V[     3     4 ]    P{     2   *   }
edge:    4    V[     4     5 ]    P{     2   *   }
edge:    5    V[     5     6 ]    P{     3   *   }
edge:    6    V[     6     7 ]    P{     3   *   }
edge:    7    V[     7     0 ]    P{     0   *   }
edge:    8    V[     7     8 ]    P{     3     0 }
edge:    9    V[     8     3 ]    P{     2     1 }
edge:   10    V[     1     8 ]    P{     0     1 }
edge:   11    V[     8     5 ]    P{     3     2 }


Built-in info method for polygons: 
poly:    0    V[     0     1     8     7 ]    E[     0    10     8     7 ]
poly:    1    V[     1     2     3     8 ]    E[     1     2     9    10 ]
poly:    2    V[     8     3     4     5 ]    E[     9     3     4    11 ]
poly:    3    V[     7     8     5     6 ]    E[     8    11     5     6 ]

Print vertex markers
vertex : 0 -- marker : 5
vertex : 1 -- marker : 1
vertex : 2 -- marker : 6
vertex : 3 -- marker : 2
vertex : 4 -- marker : 7
vertex : 5 -- marker : 3
vertex : 6 -- marker : 8
vertex : 7 -- marker : 4
vertex : 8 -- marker : 0

Print edge markers
edge (bnd) : 0 -- marker : 1
edge (bnd) : 1 -- marker : 1
edge (bnd) : 2 -- marker : 2
edge (bnd) : 3 -- marker : 2
edge (bnd) : 4 -- marker : 3
edge (bnd) : 5 -- marker : 3
edge (bnd) : 6 -- marker : 4
edge (bnd) : 7 -- marker : 4
edge (int) : 8 -- marker : 0
edge (int) : 9 -- marker : 0
edge (int) : 10 -- marker : 0
edge (int) : 11 -- marker : 0

Print quad markers
quad : 0 -- marker : 5
quad : 1 -- marker : 6
quad : 2 -- marker : 7
quad : 3 -- marker : 8


*****************
** tensor_mesh **
*****************
NX = 2 NY = 2


            p2_mesh statistics
            Polygon Type = Quadrilateral
           +----------+----------+----------+
           | Total    | Internal | Boundary |
+----------+----------+----------+----------+
| Vertices |        9 |        1 |        8 | 
+----------+----------+----------+----------+
| Edges    |       12 |        4 |        8 | 
+----------+----------+----------+----------+
| Polygons |        4 |        0 |        4 | 
+----------+----------+----------+----------+

Vertices: 9 (total) 8 (boundary) 1 (internal) 
Edges:    12 (total) 8 (boundary) 4 (internal) 
Polygons: 4 (total) 4 (boundary) 0 (internal) 

Vertex  numbering is consistent
Edge    numbering is consistent
Polygon numbering is consistent
BUILT-IN CONSISTENCY CHECK : MESH IS OK

Bounding box:      0.5       0.5       1.5       1.5

Vertex:	0 -- ( 0.5 , 0.5 )

Vertex:	1 -- ( 1 , 0.5 )

Vertex:	2 -- ( 1.5 , 0.5 )

Vertex:	3 -- ( 1.5 , 1 )

Vertex:	4 -- ( 1.5 , 1.5 )

Vertex:	5 -- ( 1 , 1.5 )

Vertex:	6 -- ( 0.5 , 1.5 )

Vertex:	7 -- ( 0.5 , 1 )

Vertex:	8 -- ( 1 , 1 )

Edge:	0

	Vertex(0) loc = 0 glob = 0 ( 0.5 , 0.5 )
	Vertex(1) loc = 1 glob = 1 ( 1 , 0.5 )
	edge is on the boundary

	Left polygon  loc = 0 glob = 0
	adj edge(0)   loc = 0 glob = 10
	adj edge(1)   loc = 1 glob = 8
	adj edge(2)   loc = 2 glob = 7

	Midpoint:            ( 0.75 , 0.5 )
	(1/4 and 3/4) point: ( 0.625 , 0.5 ) , ( 0.875 , 0.5 )
	Orthogonal vector:   [ 0 , -0.5 ]
	Tangent vector:      [ 0.5 , 0 ]
	Length:              0.5

Edge:	1

	Vertex(0) loc = 0 glob = 1 ( 1 , 0.5 )
	Vertex(1) loc = 1 glob = 2 ( 1.5 , 0.5 )
	edge is on the boundary

	Left polygon  loc = 0 glob = 1
	adj edge(0)   loc = 0 glob = 2
	adj edge(1)   loc = 1 glob = 9
	adj edge(2)   loc = 2 glob = 10

	Midpoint:            ( 1.25 , 0.5 )
	(1/4 and 3/4) point: ( 1.125 , 0.5 ) , ( 1.375 , 0.5 )
	Orthogonal vector:   [ 0 , -0.5 ]
	Tangent vector:      [ 0.5 , 0 ]
	Length:              0.5

Edge:	2

	Vertex(0) loc = 0 glob = 2 ( 1.5 , 0.5 )
	Vertex(1) loc = 1 glob = 3 ( 1.5 , 1 )
	edge is on the boundary

	Left polygon  loc = 0 glob = 1
	adj edge(0)   loc = 0 glob = 9
	adj edge(1)   loc = 1 glob = 10
	adj edge(2)   loc = 2 glob = 1

	Midpoint:            ( 1.5 , 0.75 )
	(1/4 and 3/4) point: ( 1.5 , 0.625 ) , ( 1.5 , 0.875 )
	Orthogonal vector:   [ 0.5 , 0 ]
	Tangent vector:      [ 0 , 0.5 ]
	Length:              0.5

Edge:	3

	Vertex(0) loc = 0 glob = 3 ( 1.5 , 1 )
	Vertex(1) loc = 1 glob = 4 ( 1.5 , 1.5 )
	edge is on the boundary

	Left polygon  loc = 0 glob = 2
	adj edge(0)   loc = 0 glob = 4
	adj edge(1)   loc = 1 glob = 11
	adj edge(2)   loc = 2 glob = 9

	Midpoint:            ( 1.5 , 1.25 )
	(1/4 and 3/4) point: ( 1.5 , 1.125 ) , ( 1.5 , 1.375 )
	Orthogonal vector:   [ 0.5 , 0 ]
	Tangent vector:      [ 0 , 0.5 ]
	Length:              0.5

Edge:	4

	Vertex(0) loc = 0 glob = 4 ( 1.5 , 1.5 )
	Vertex(1) loc = 1 glob = 5 ( 1 , 1.5 )
	edge is on the boundary

	Left polygon  loc = 0 glob = 2
	adj edge(0)   loc = 0 glob = 11
	adj edge(1)   loc = 1 glob = 9
	adj edge(2)   loc = 2 glob = 3

	Midpoint:            ( 1.25 , 1.5 )
	(1/4 and 3/4) point: ( 1.375 , 1.5 ) , ( 1.125 , 1.5 )
	Orthogonal vector:   [ 0 , 0.5 ]
	Tangent vector:      [ -0.5 , 0 ]
	Length:              0.5

Edge:	5

	Vertex(0) loc = 0 glob = 5 ( 1 , 1.5 )
	Vertex(1) loc = 1 glob = 6 ( 0.5 , 1.5 )
	edge is on the boundary

	Left polygon  loc = 0 glob = 3
	adj edge(0)   loc = 0 glob = 6
	adj edge(1)   loc = 1 glob = 8
	adj edge(2)   loc = 2 glob = 11

	Midpoint:            ( 0.75 , 1.5 )
	(1/4 and 3/4) point: ( 0.875 , 1.5 ) , ( 0.625 , 1.5 )
	Orthogonal vector:   [ 0 , 0.5 ]
	Tangent vector:      [ -0.5 , 0 ]
	Length:              0.5

Edge:	6

	Vertex(0) loc = 0 glob = 6 ( 0.5 , 1.5 )
	Vertex(1) loc = 1 glob = 7 ( 0.5 , 1 )
	edge is on the boundary

	Left polygon  loc = 0 glob = 3
	adj edge(0)   loc = 0 glob = 8
	adj edge(1)   loc = 1 glob = 11
	adj edge(2)   loc = 2 glob = 5

	Midpoint:            ( 0.5 , 1.25 )
	(1/4 and 3/4) point: ( 0.5 , 1.375 ) , ( 0.5 , 1.125 )
	Orthogonal vector:   [ -0.5 , 0 ]
	Tangent vector:      [ 0 , -0.5 ]
	Length:              0.5

Edge:	7

	Vertex(0) loc = 0 glob = 7 ( 0.5 , 1 )
	Vertex(1) loc = 1 glob = 0 ( 0.5 , 0.5 )
	edge is on the boundary

	Left polygon  loc = 0 glob = 0
	adj edge(0)   loc = 0 glob = 0
	adj edge(1)   loc = 1 glob = 10
	adj edge(2)   loc = 2 glob = 8

	Midpoint:            ( 0.5 , 0.75 )
	(1/4 and 3/4) point: ( 0.5 , 0.875 ) , ( 0.5 , 0.625 )
	Orthogonal vector:   [ -0.5 , 0 ]
	Tangent vector:      [ 0 , -0.5 ]
	Length:              0.5

Edge:	8

	Vertex(0) loc = 0 glob = 7 ( 0.5 , 1 )
	Vertex(1) loc = 1 glob = 8 ( 1 , 1 )

	Left polygon  loc = 0 glob = 3

	Rigth polygon loc = 1 glob = 0
	adj edge(0)   loc = 0 glob = 11
	adj edge(1)   loc = 1 glob = 5
	adj edge(2)   loc = 2 glob = 6
	adj edge(3)   loc = 3 glob = 7
	adj edge(4)   loc = 4 glob = 0
	adj edge(5)   loc = 5 glob = 10

	Midpoint:            ( 0.75 , 1 )
	(1/4 and 3/4) point: ( 0.625 , 1 ) , ( 0.875 , 1 )
	Orthogonal vector:   [ 0 , -0.5 ]
	Tangent vector:      [ 0.5 , 0 ]
	Length:              0.5

Edge:	9

	Vertex(0) loc = 0 glob = 8 ( 1 , 1 )
	Vertex(1) loc = 1 glob = 3 ( 1.5 , 1 )

	Left polygon  loc = 0 glob = 2

	Rigth polygon loc = 1 glob = 1
	adj edge(0)   loc = 0 glob = 3
	adj edge(1)   loc = 1 glob = 4
	adj edge(2)   loc = 2 glob = 11
	adj edge(3)   loc = 3 glob = 10
	adj edge(4)   loc = 4 glob = 1
	adj edge(5)   loc = 5 glob = 2

	Midpoint:            ( 1.25 , 1 )
	(1/4 and 3/4) point: ( 1.125 , 1 ) , ( 1.375 , 1 )
	Orthogonal vector:   [ 0 , -0.5 ]
	Tangent vector:      [ 0.5 , 0 ]
	Length:              0.5

Edge:	10

	Vertex(0) loc = 0 glob = 1 ( 1 , 0.5 )
	Vertex(1) loc = 1 glob = 8 ( 1 , 1 )

	Left polygon  loc = 0 glob = 0

	Rigth polygon loc = 1 glob = 1
	adj edge(0)   loc = 0 glob = 8
	adj edge(1)   loc = 1 glob = 7
	adj edge(2)   loc = 2 glob = 0
	adj edge(3)   loc = 3 glob = 1
	adj edge(4)   loc = 4 glob = 2
	adj edge(5)   loc = 5 glob = 9

	Midpoint:            ( 1 , 0.75 )
	(1/4 and 3/4) point: ( 1 , 0.625 ) , ( 1 , 0.875 )
	Orthogonal vector:   [ 0.5 , 0 ]
	Tangent vector:      [ 0 , 0.5 ]
	Length:              0.5

Edge:	11

	Vertex(0) loc = 0 glob = 8 ( 1 , 1 )
	Vertex(1) loc = 1 glob = 5 ( 1 , 1.5 )

	Left polygon  loc = 0 glob = 3

	Rigth polygon loc = 1 glob = 2
	adj edge(0)   loc = 0 glob = 5
	adj edge(1)   loc = 1 glob = 6
	adj edge(2)   loc = 2 glob = 8
	adj edge(3)   loc = 3 glob = 9
	adj edge(4)   loc = 4 glob = 3
	adj edge(5)   loc = 5 glob = 4

	Midpoint:            ( 1 , 1.25 )
	(1/4 and 3/4) point: ( 1 , 1.125 ) , ( 1 , 1.375 )
	Orthogonal vector:   [ 0.5 , 0 ]
	Tangent vector:      [ 0 , 0.5 ]
	Length:              0.5
Poly: 0
	Centroid: ( 0.75 , 0.75 )
	Area:     0.25

	vertex(0) loc = 0 glob = 0 coor ( 0.5 , 0.5 )
	vertex(1) loc = 1 glob = 1 coor ( 1 , 0.5 )
	vertex(2) loc = 2 glob = 8 coor ( 1 , 1 )
	vertex(3) loc = 3 glob = 7 coor ( 0.5 , 1 )

	edge(0) loc = 0 glob = 0 orientation 1
	Midpoint:          ( 0.75 , 0.5 )
	1/4 & 3/4 nodes:   ( 0.625 , 0.5 ),  ( 0.875 , 0.5 )
	Orthogonal vector: [ 0 , -0.5 ]
	Tangent vector:    [ 0.5 , 0 ]
	Length:              0.5

	edge(1) loc = 1 glob = 10 orientation 1
	Midpoint:          ( 1 , 0.75 )
	1/4 & 3/4 nodes:   ( 1 , 0.625 ),  ( 1 , 0.875 )
	Orthogonal vector: [ 0.5 , 0 ]
	Tangent vector:    [ 0 , 0.5 ]
	Length:              0.5

	edge(2) loc = 2 glob = 8 orientation 0
	Midpoint:          ( 0.75 , 1 )
	1/4 & 3/4 nodes:   ( 0.875 , 1 ),  ( 0.625 , 1 )
	Orthogonal vector: [ 0 , 0.5 ]
	Tangent vector:    [ -0.5 , 0 ]
	Length:              0.5

	edge(3) loc = 3 glob = 7 orientation 1
	Midpoint:          ( 0.5 , 0.75 )
	1/4 & 3/4 nodes:   ( 0.5 , 0.875 ),  ( 0.5 , 0.625 )
	Orthogonal vector: [ -0.5 , 0 ]
	Tangent vector:    [ 0 , -0.5 ]
	Length:              0.5

	poly(0) not existing
	poly(1) loc = 1 glob = 1
	poly(2) loc = 2 glob = 3
	poly(3) not existing

	Mapping polygon: actual ==> reference ==> actual 
	(x,y) = (0.75,0.5) ==> (s,t) = (0,-1) ==> (x,y) = (0.75,0.5)
	(x,y) = (1,0.75) ==> (s,t) = (1,0) ==> (x,y) = (1,0.75)
	(x,y) = (0.75,1) ==> (s,t) = (0,1) ==> (x,y) = (0.75,1)
	(x,y) = (0.5,0.75) ==> (s,t) = (-1,0) ==> (x,y) = (0.5,0.75)

	Jacobian:	    0.25	       0
	         	       0	    0.25

	Inverse: 	       4	       0
	         	       0	       4

Poly: 1
	Centroid: ( 1.25 , 0.75 )
	Area:     0.25

	vertex(0) loc = 0 glob = 1 coor ( 1 , 0.5 )
	vertex(1) loc = 1 glob = 2 coor ( 1.5 , 0.5 )
	vertex(2) loc = 2 glob = 3 coor ( 1.5 , 1 )
	vertex(3) loc = 3 glob = 8 coor ( 1 , 1 )

	edge(0) loc = 0 glob = 1 orientation 1
	Midpoint:          ( 1.25 , 0.5 )
	1/4 & 3/4 nodes:   ( 1.125 , 0.5 ),  ( 1.375 , 0.5 )
	Orthogonal vector: [ 0 , -0.5 ]
	Tangent vector:    [ 0.5 , 0 ]
	Length:              0.5

	edge(1) loc = 1 glob = 2 orientation 1
	Midpoint:          ( 1.5 , 0.75 )
	1/4 & 3/4 nodes:   ( 1.5 , 0.625 ),  ( 1.5 , 0.875 )
	Orthogonal vector: [ 0.5 , 0 ]
	Tangent vector:    [ 0 , 0.5 ]
	Length:              0.5

	edge(2) loc = 2 glob = 9 orientation 0
	Midpoint:          ( 1.25 , 1 )
	1/4 & 3/4 nodes:   ( 1.375 , 1 ),  ( 1.125 , 1 )
	Orthogonal vector: [ 0 , 0.5 ]
	Tangent vector:    [ -0.5 , 0 ]
	Length:              0.5

	edge(3) loc = 3 glob = 10 orientation 0
	Midpoint:          ( 1 , 0.75 )
	1/4 & 3/4 nodes:   ( 1 , 0.875 ),  ( 1 , 0.625 )
	Orthogonal vector: [ -0.5 , 0 ]
	Tangent vector:    [ 0 , -0.5 ]
	Length:              0.5

	poly(0) not existing
	poly(1) not existing
	poly(2) loc = 2 glob = 2
	poly(3) loc = 3 glob = 0

	Mapping polygon: actual ==> reference ==> actual 
	(x,y) = (1.25,0.5) ==> (s,t) = (0,-1) ==> (x,y) = (1.25,0.5)
	(x,y) = (1.5,0.75) ==> (s,t) = (1,0) ==> (x,y) = (1.5,0.75)
	(x,y) = (1.25,1) ==> (s,t) = (0,1) ==> (x,y) = (1.25,1)
	(x,y) = (1,0.75) ==> (s,t) = (-1,0) ==> (x,y) = (1,0.75)

	Jacobian:	    0.25	       0
	         	       0	    0.25

	Inverse: 	       4	       0
	         	       0	       4

Poly: 2
	Centroid: ( 1.25 , 1.25 )
	Area:     0.25

	vertex(0) loc = 0 glob = 8 coor ( 1 , 1 )
	vertex(1) loc = 1 glob = 3 coor ( 1.5 , 1 )
	vertex(2) loc = 2 glob = 4 coor ( 1.5 , 1.5 )
	vertex(3) loc = 3 glob = 5 coor ( 1 , 1.5 )

	edge(0) loc = 0 glob = 9 orientation 1
	Midpoint:          ( 1.25 , 1 )
	1/4 & 3/4 nodes:   ( 1.125 , 1 ),  ( 1.375 , 1 )
	Orthogonal vector: [ 0 , -0.5 ]
	Tangent vector:    [ 0.5 , 0 ]
	Length:              0.5

	edge(1) loc = 1 glob = 3 orientation 1
	Midpoint:          ( 1.5 , 1.25 )
	1/4 & 3/4 nodes:   ( 1.5 , 1.125 ),  ( 1.5 , 1.375 )
	Orthogonal vector: [ 0.5 , 0 ]
	Tangent vector:    [ 0 , 0.5 ]
	Length:              0.5

	edge(2) loc = 2 glob = 4 orientation 1
	Midpoint:          ( 1.25 , 1.5 )
	1/4 & 3/4 nodes:   ( 1.375 , 1.5 ),  ( 1.125 , 1.5 )
	Orthogonal vector: [ 0 , 0.5 ]
	Tangent vector:    [ -0.5 , 0 ]
	Length:              0.5

	edge(3) loc = 3 glob = 11 orientation 0
	Midpoint:          ( 1 , 1.25 )
	1/4 & 3/4 nodes:   ( 1 , 1.375 ),  ( 1 , 1.125 )
	Orthogonal vector: [ -0.5 , 0 ]
	Tangent vector:    [ 0 , -0.5 ]
	Length:              0.5

	poly(0) loc = 0 glob = 1
	poly(1) not existing
	poly(2) not existing
	poly(3) loc = 3 glob = 3

	Mapping polygon: actual ==> reference ==> actual 
	(x,y) = (1.25,1) ==> (s,t) = (0,-1) ==> (x,y) = (1.25,1)
	(x,y) = (1.5,1.25) ==> (s,t) = (1,0) ==> (x,y) = (1.5,1.25)
	(x,y) = (1.25,1.5) ==> (s,t) = (0,1) ==> (x,y) = (1.25,1.5)
	(x,y) = (1,1.25) ==> (s,t) = (-1,0) ==> (x,y) = (1,1.25)

	Jacobian:	    0.25	       0
	         	       0	    0.25

	Inverse: 	       4	       0
	         	       0	       4

Poly: 3
	Centroid: ( 0.75 , 1.25 )
	Area:     0.25

	vertex(0) loc = 0 glob = 7 coor ( 0.5 , 1 )
	vertex(1) loc = 1 glob = 8 coor ( 1 , 1 )
	vertex(2) loc = 2 glob = 5 coor ( 1 , 1.5 )
	vertex(3) loc = 3 glob = 6 coor ( 0.5 , 1.5 )

	edge(0) loc = 0 glob = 8 orientation 1
	Midpoint:          ( 0.75 , 1 )
	1/4 & 3/4 nodes:   ( 0.625 , 1 ),  ( 0.875 , 1 )
	Orthogonal vector: [ 0 , -0.5 ]
	Tangent vector:    [ 0.5 , 0 ]
	Length:              0.5

	edge(1) loc = 1 glob = 11 orientation 1
	Midpoint:          ( 1 , 1.25 )
	1/4 & 3/4 nodes:   ( 1 , 1.125 ),  ( 1 , 1.375 )
	Orthogonal vector: [ 0.5 , 0 ]
	Tangent vector:    [ 0 , 0.5 ]
	Length:              0.5

	edge(2) loc = 2 glob = 5 orientation 1
	Midpoint:          ( 0.75 , 1.5 )
	1/4 & 3/4 nodes:   ( 0.875 , 1.5 ),  ( 0.625 , 1.5 )
	Orthogonal vector: [ 0 , 0.5 ]
	Tangent vector:    [ -0.5 , 0 ]
	Length:              0.5

	edge(3) loc = 3 glob = 6 orientation 1
	Midpoint:          ( 0.5 , 1.25 )
	1/4 & 3/4 nodes:   ( 0.5 , 1.375 ),  ( 0.5 , 1.125 )
	Orthogonal vector: [ -0.5 , 0 ]
	Tangent vector:    [ 0 , -0.5 ]
	Length:              0.5

	poly(0) loc = 0 glob = 0
	poly(1) loc = 1 glob = 2
	poly(2) not existing
	poly(3) not existing

	Mapping polygon: actual ==> reference ==> actual 
	(x,y) = (0.75,1) ==> (s,t) = (0,-1) ==> (x,y) = (0.75,1)
	(x,y) = (1,1.25) ==> (s,t) = (1,0) ==> (x,y) = (1,1.25)
	(x,y) = (0.75,1.5) ==> (s,t) = (0,1) ==> (x,y) = (0.75,1.5)
	(x,y) = (0.5,1.25) ==> (s,t) = (-1,0) ==> (x,y) = (0.5,1.25)

	Jacobian:	    0.25	       0
	         	       0	    0.25

	Inverse: 	       4	       0
	         	       0	       4


Built-in info for meshes: 

P2MESH STRUCTURE:

VERTICES
vertex:    0 (   0.5 ,   0.5 )
vertex:    1 (     1 ,   0.5 )
vertex:    2 (   1.5 ,   0.5 )
vertex:    3 (   1.5 ,     1 )
vertex:    4 (   1.5 ,   1.5 )
vertex:    5 (     1 ,   1.5 )
vertex:    6 (   0.5 ,   1.5 )
vertex:    7 (   0.5 ,     1 )
vertex:    8 (     1 ,     1 )

EDGES
edge:    0    V[     0     1 ]    P{     0   *   }
edge:    1    V[     1     2 ]    P{     1   *   }
edge:    2    V[     2     3 ]    P{     1   *   }
edge:    3    V[     3     4 ]    P{     2   *   }
edge:    4    V[     4     5 ]    P{     2   *   }
edge:    5    V[     5     6 ]    P{     3   *   }
edge:    6    V[     6     7 ]    P{     3   *   }
edge:    7    V[     7     0 ]    P{     0   *   }
edge:    8    V[     7     8 ]    P{     3     0 }
edge:    9    V[     8     3 ]    P{     2     1 }
edge:   10    V[     1     8 ]    P{     0     1 }
edge:   11    V[     8     5 ]    P{     3     2 }

POLYS
poly:    0    V[     0     1     8     7 ]    E[     0    10     8     7 ]
poly:    1    V[     1     2     3     8 ]    E[     1     2     9    10 ]
poly:    2    V[     8     3     4     5 ]    E[     9     3     4    11 ]
poly:    3    V[     7     8     5     6 ]    E[     8    11     5     6 ]

polygons = 4
edges    = 12
vertices = 9

Built-in info method for vertices: 
vertex:    0 (   0.5 ,   0.5 )
vertex:    1 (     1 ,   0.5 )
vertex:    2 (   1.5 ,   0.5 )
vertex:    3 (   1.5 ,     1 )
vertex:    4 (   1.5 ,   1.5 )
vertex:    5 (     1 ,   1.5 )
vertex:    6 (   0.5 ,   1.5 )
vertex:    7 (   0.5 ,     1 )
vertex:    8 (     1 ,     1 )


Built-in info method for edges: 
edge:    0    V[     0     1 ]    P{     0   *   }
edge:    1    V[     1     2 ]    P{     1   *   }
edge:    2    V[     2     3 ]    P{     1   *   }
edge:    3    V[     3     4 ]    P{     2   *   }
edge:    4    V[     4     5 ]    P{     2   *   }
edge:    5    V[     5     6 ]    P{     3   *   }
edge:    6    V[     6     7 ]    P{     3   *   }
edge:    7    V[     7     0 ]    P{     0   *   }
edge:    8    V[     7     8 ]    P{     3     0 }
edge:    9    V[     8     3 ]    P{     2     1 }
edge:   10    V[     1     8 ]    P{     0     1 }
edge:   11    V[     8     5 ]    P{     3     2 }


Built-in info method for polygons: 
poly:    0    V[     0     1     8     7 ]    E[     0    10     8     7 ]
poly:    1    V[     1     2     3     8 ]    E[     1     2     9    10 ]
poly:    2    V[     8     3     4     5 ]    E[     9     3     4    11 ]
poly:    3    V[     7     8     5     6 ]    E[     8    11     5     6 ]

Print vertex markers
vertex : 0 -- marker : 5
vertex : 1 -- marker : 1
vertex : 2 -- marker : 6
vertex : 3 -- marker : 2
vertex : 4 -- marker : 7
vertex : 5 -- marker : 3
vertex : 6 -- marker : 8
vertex : 7 -- marker : 4
vertex : 8 -- marker : 0

Print edge markers
edge (bnd) : 0 -- marker : 1
edge (bnd) : 1 -- marker : 1
edge (bnd) : 2 -- marker : 2
edge (bnd) : 3 -- marker : 2
edge (bnd) : 4 -- marker : 3
edge (bnd) : 5 -- marker : 3
edge (bnd) : 6 -- marker : 4
edge (bnd) : 7 -- marker : 4
edge (int) : 8 -- marker : 0
edge (int) : 9 -- marker : 0
edge (int) : 10 -- marker : 0
edge (int) : 11 -- marker : 0

Print quad markers
quad : 0 -- marker : 5
quad : 1 -- marker : 6
quad : 2 -- marker : 7
quad : 3 -- marker : 8


**************
** map_mesh **
**************
NX = 2 NY = 2


            p2_mesh statistics
            Polygon Type = Quadrilateral
           +----------+----------+----------+
           | Total    | Internal | Boundary |
+----------+----------+----------+----------+
| Vertices |        9 |        1 |        8 | 
+----------+----------+----------+----------+
| Edges    |       12 |        4 |        8 | 
+----------+----------+----------+----------+
| Polygons |        4 |        0 |        4 | 
+----------+----------+----------+----------+

Vertices: 9 (total) 8 (boundary) 1 (internal) 
Edges:    12 (total) 8 (boundary) 4 (internal) 
Polygons: 4 (total) 4 (boundary) 0 (internal) 

Vertex  numbering is consistent
Edge    numbering is consistent
Polygon numbering is consistent
BUILT-IN CONSISTENCY CHECK : MESH IS OK

Bounding box:        0         0         2         2

Vertex:	0 -- ( 0 , 1 )

Vertex:	1 -- ( 0.707107 , 0.707107 )

Vertex:	2 -- ( 1 , 6.12323e-17 )

Vertex:	3 -- ( 1.5 , 9.18485e-17 )

Vertex:	4 -- ( 2 , 1.22465e-16 )

Vertex:	5 -- ( 1.41421 , 1.41421 )

Vertex:	6 -- ( 0 , 2 )

Vertex:	7 -- ( 0 , 1.5 )

Vertex:	8 -- ( 1.06066 , 1.06066 )

Edge:	0

	Vertex(0) loc = 0 glob = 0 ( 0 , 1 )
	Vertex(1) loc = 1 glob = 1 ( 0.707107 , 0.707107 )
	edge is on the boundary

	Left polygon  loc = 0 glob = 0
	adj edge(0)   loc = 0 glob = 10
	adj edge(1)   loc = 1 glob = 8
	adj edge(2)   loc = 2 glob = 7

	Midpoint:            ( 0.353553 , 0.853553 )
	(1/4 and 3/4) point: ( 0.176777 , 0.926777 ) , ( 0.53033 , 0.78033 )
	Orthogonal vector:   [ -0.292893 , -0.707107 ]
	Tangent vector:      [ 0.707107 , -0.292893 ]
	Length:              0.765367

Edge:	1

	Vertex(0) loc = 0 glob = 1 ( 0.707107 , 0.707107 )
	Vertex(1) loc = 1 glob = 2 ( 1 , 0 )
	edge is on the boundary

	Left polygon  loc = 0 glob = 1
	adj edge(0)   loc = 0 glob = 2
	adj edge(1)   loc = 1 glob = 9
	adj edge(2)   loc = 2 glob = 10

	Midpoint:            ( 0.853553 , 0.353553 )
	(1/4 and 3/4) point: ( 0.78033 , 0.53033 ) , ( 0.926777 , 0.176777 )
	Orthogonal vector:   [ -0.707107 , -0.292893 ]
	Tangent vector:      [ 0.292893 , -0.707107 ]
	Length:              0.765367

Edge:	2

	Vertex(0) loc = 0 glob = 2 ( 1 , 0 )
	Vertex(1) loc = 1 glob = 3 ( 1.5 , 0 )
	edge is on the boundary

	Left polygon  loc = 0 glob = 1
	adj edge(0)   loc = 0 glob = 9
	adj edge(1)   loc = 1 glob = 10
	adj edge(2)   loc = 2 glob = 1

	Midpoint:            ( 1.25 , 0 )
	(1/4 and 3/4) point: ( 1.125 , 0 ) , ( 1.375 , 0 )
	Orthogonal vector:   [ 0 , -0.5 ]
	Tangent vector:      [ 0.5 , 0 ]
	Length:              0.5

Edge:	3

	Vertex(0) loc = 0 glob = 3 ( 1.5 , 0 )
	Vertex(1) loc = 1 glob = 4 ( 2 , 0 )
	edge is on the boundary

	Left polygon  loc = 0 glob = 2
	adj edge(0)   loc = 0 glob = 4
	adj edge(1)   loc = 1 glob = 11
	adj edge(2)   loc = 2 glob = 9

	Midpoint:            ( 1.75 , 0 )
	(1/4 and 3/4) point: ( 1.625 , 0 ) , ( 1.875 , 0 )
	Orthogonal vector:   [ 0 , -0.5 ]
	Tangent vector:      [ 0.5 , 0 ]
	Length:              0.5

Edge:	4

	Vertex(0) loc = 0 glob = 4 ( 2 , 0 )
	Vertex(1) loc = 1 glob = 5 ( 1.41421 , 1.41421 )
	edge is on the boundary

	Left polygon  loc = 0 glob = 2
	adj edge(0)   loc = 0 glob = 11
	adj edge(1)   loc = 1 glob = 9
	adj edge(2)   loc = 2 glob = 3

	Midpoint:            ( 1.70711 , 0.707107 )
	(1/4 and 3/4) point: ( 1.85355 , 0.353553 ) , ( 1.56066 , 1.06066 )
	Orthogonal vector:   [ 1.41421 , 0.585786 ]
	Tangent vector:      [ -0.585786 , 1.41421 ]
	Length:              1.53073

Edge:	5

	Vertex(0) loc = 0 glob = 5 ( 1.41421 , 1.41421 )
	Vertex(1) loc = 1 glob = 6 ( 0 , 2 )
	edge is on the boundary

	Left polygon  loc = 0 glob = 3
	adj edge(0)   loc = 0 glob = 6
	adj edge(1)   loc = 1 glob = 8
	adj edge(2)   loc = 2 glob = 11

	Midpoint:            ( 0.707107 , 1.70711 )
	(1/4 and 3/4) point: ( 1.06066 , 1.56066 ) , ( 0.353553 , 1.85355 )
	Orthogonal vector:   [ 0.585786 , 1.41421 ]
	Tangent vector:      [ -1.41421 , 0.585786 ]
	Length:              1.53073

Edge:	6

	Vertex(0) loc = 0 glob = 6 ( 0 , 2 )
	Vertex(1) loc = 1 glob = 7 ( 0 , 1.5 )
	edge is on the boundary

	Left polygon  loc = 0 glob = 3
	adj edge(0)   loc = 0 glob = 8
	adj edge(1)   loc = 1 glob = 11
	adj edge(2)   loc = 2 glob = 5

	Midpoint:            ( 0 , 1.75 )
	(1/4 and 3/4) point: ( 0 , 1.875 ) , ( 0 , 1.625 )
	Orthogonal vector:   [ -0.5 , 0 ]
	Tangent vector:      [ 0 , -0.5 ]
	Length:              0.5

Edge:	7

	Vertex(0) loc = 0 glob = 7 ( 0 , 1.5 )
	Vertex(1) loc = 1 glob = 0 ( 0 , 1 )
	edge is on the boundary

	Left polygon  loc = 0 glob = 0
	adj edge(0)   loc = 0 glob = 0
	adj edge(1)   loc = 1 glob = 10
	adj edge(2)   loc = 2 glob = 8

	Midpoint:            ( 0 , 1.25 )
	(1/4 and 3/4) point: ( 0 , 1.375 ) , ( 0 , 1.125 )
	Orthogonal vector:   [ -0.5 , 0 ]
	Tangent vector:      [ 0 , -0.5 ]
	Length:              0.5

Edge:	8

	Vertex(0) loc = 0 glob = 7 ( 0 , 1.5 )
	Vertex(1) loc = 1 glob = 8 ( 1.06066 , 1.06066 )

	Left polygon  loc = 0 glob = 3

	Rigth polygon loc = 1 glob = 0
	adj edge(0)   loc = 0 glob = 11
	adj edge(1)   loc = 1 glob = 5
	adj edge(2)   loc = 2 glob = 6
	adj edge(3)   loc = 3 glob = 7
	adj edge(4)   loc = 4 glob = 0
	adj edge(5)   loc = 5 glob = 10

	Midpoint:            ( 0.53033 , 1.28033 )
	(1/4 and 3/4) point: ( 0.265165 , 1.39017 ) , ( 0.795495 , 1.1705 )
	Orthogonal vector:   [ -0.43934 , -1.06066 ]
	Tangent vector:      [ 1.06066 , -0.43934 ]
	Length:              1.14805

Edge:	9

	Vertex(0) loc = 0 glob = 8 ( 1.06066 , 1.06066 )
	Vertex(1) loc = 1 glob = 3 ( 1.5 , 0 )

	Left polygon  loc = 0 glob = 2

	Rigth polygon loc = 1 glob = 1
	adj edge(0)   loc = 0 glob = 3
	adj edge(1)   loc = 1 glob = 4
	adj edge(2)   loc = 2 glob = 11
	adj edge(3)   loc = 3 glob = 10
	adj edge(4)   loc = 4 glob = 1
	adj edge(5)   loc = 5 glob = 2

	Midpoint:            ( 1.28033 , 0.53033 )
	(1/4 and 3/4) point: ( 1.1705 , 0.795495 ) , ( 1.39017 , 0.265165 )
	Orthogonal vector:   [ -1.06066 , -0.43934 ]
	Tangent vector:      [ 0.43934 , -1.06066 ]
	Length:              1.14805

Edge:	10

	Vertex(0) loc = 0 glob = 1 ( 0.707107 , 0.707107 )
	Vertex(1) loc = 1 glob = 8 ( 1.06066 , 1.06066 )

	Left polygon  loc = 0 glob = 0

	Rigth polygon loc = 1 glob = 1
	adj edge(0)   loc = 0 glob = 8
	adj edge(1)   loc = 1 glob = 7
	adj edge(2)   loc = 2 glob = 0
	adj edge(3)   loc = 3 glob = 1
	adj edge(4)   loc = 4 glob = 2
	adj edge(5)   loc = 5 glob = 9

	Midpoint:            ( 0.883883 , 0.883883 )
	(1/4 and 3/4) point: ( 0.795495 , 0.795495 ) , ( 0.972272 , 0.972272 )
	Orthogonal vector:   [ 0.353553 , -0.353553 ]
	Tangent vector:      [ 0.353553 , 0.353553 ]
	Length:              0.5

Edge:	11

	Vertex(0) loc = 0 glob = 8 ( 1.06066 , 1.06066 )
	Vertex(1) loc = 1 glob = 5 ( 1.41421 , 1.41421 )

	Left polygon  loc = 0 glob = 3

	Rigth polygon loc = 1 glob = 2
	adj edge(0)   loc = 0 glob = 5
	adj edge(1)   loc = 1 glob = 6
	adj edge(2)   loc = 2 glob = 8
	adj edge(3)   loc = 3 glob = 9
	adj edge(4)   loc = 4 glob = 3
	adj edge(5)   loc = 5 glob = 4

	Midpoint:            ( 1.23744 , 1.23744 )
	(1/4 and 3/4) point: ( 1.14905 , 1.14905 ) , ( 1.32583 , 1.32583 )
	Orthogonal vector:   [ 0.353553 , -0.353553 ]
	Tangent vector:      [ 0.353553 , 0.353553 ]
	Length:              0.5
Poly: 0
	Centroid: ( 0.441942 , 1.06694 )
	Area:     0.441942

	vertex(0) loc = 0 glob = 0 coor ( 0 , 1 )
	vertex(1) loc = 1 glob = 1 coor ( 0.707107 , 0.707107 )
	vertex(2) loc = 2 glob = 8 coor ( 1.06066 , 1.06066 )
	vertex(3) loc = 3 glob = 7 coor ( 0 , 1.5 )

	edge(0) loc = 0 glob = 0 orientation 1
	Midpoint:          ( 0.353553 , 0.853553 )
	1/4 & 3/4 nodes:   ( 0.176777 , 0.926777 ),  ( 0.53033 , 0.78033 )
	Orthogonal vector: [ -0.292893 , -0.707107 ]
	Tangent vector:    [ 0.707107 , -0.292893 ]
	Length:              0.765367

	edge(1) loc = 1 glob = 10 orientation 1
	Midpoint:          ( 0.883883 , 0.883883 )
	1/4 & 3/4 nodes:   ( 0.795495 , 0.795495 ),  ( 0.972272 , 0.972272 )
	Orthogonal vector: [ 0.353553 , -0.353553 ]
	Tangent vector:    [ 0.353553 , 0.353553 ]
	Length:              0.5

	edge(2) loc = 2 glob = 8 orientation 0
	Midpoint:          ( 0.53033 , 1.28033 )
	1/4 & 3/4 nodes:   ( 0.795495 , 1.1705 ),  ( 0.265165 , 1.39017 )
	Orthogonal vector: [ 0.43934 , 1.06066 ]
	Tangent vector:    [ -1.06066 , 0.43934 ]
	Length:              1.14805

	edge(3) loc = 3 glob = 7 orientation 1
	Midpoint:          ( 0 , 1.25 )
	1/4 & 3/4 nodes:   ( 0 , 1.375 ),  ( 0 , 1.125 )
	Orthogonal vector: [ -0.5 , 0 ]
	Tangent vector:    [ 0 , -0.5 ]
	Length:              0.5

	poly(0) not existing
	poly(1) loc = 1 glob = 1
	poly(2) loc = 2 glob = 3
	poly(3) not existing

	Mapping polygon: actual ==> reference ==> actual 
	(x,y) = (0.353553,0.853553) ==> (s,t) = (0,-1) ==> (x,y) = (0.353553,0.853553)
	(x,y) = (0.883883,0.883883) ==> (s,t) = (1,0) ==> (x,y) = (0.883883,0.883883)
	(x,y) = (0.53033,1.28033) ==> (s,t) = (0,1) ==> (x,y) = (0.53033,1.28033)
	(x,y) = (0,1.25) ==> (s,t) = (-1,0) ==> (x,y) = (0,1.25)

	Jacobian:	0.441942	0.0883883
	         	-0.183058	0.213388

	Inverse: 	 1.93137	    -0.8
	         	 1.65685	       4

Poly: 1
	Centroid: ( 1.06694 , 0.441942 )
	Area:     0.441942

	vertex(0) loc = 0 glob = 1 coor ( 0.707107 , 0.707107 )
	vertex(1) loc = 1 glob = 2 coor ( 1 , 6.12323e-17 )
	vertex(2) loc = 2 glob = 3 coor ( 1.5 , 9.18485e-17 )
	vertex(3) loc = 3 glob = 8 coor ( 1.06066 , 1.06066 )

	edge(0) loc = 0 glob = 1 orientation 1
	Midpoint:          ( 0.853553 , 0.353553 )
	1/4 & 3/4 nodes:   ( 0.78033 , 0.53033 ),  ( 0.926777 , 0.176777 )
	Orthogonal vector: [ -0.707107 , -0.292893 ]
	Tangent vector:    [ 0.292893 , -0.707107 ]
	Length:              0.765367

	edge(1) loc = 1 glob = 2 orientation 1
	Midpoint:          ( 1.25 , 0 )
	1/4 & 3/4 nodes:   ( 1.125 , 0 ),  ( 1.375 , 0 )
	Orthogonal vector: [ 0 , -0.5 ]
	Tangent vector:    [ 0.5 , 0 ]
	Length:              0.5

	edge(2) loc = 2 glob = 9 orientation 0
	Midpoint:          ( 1.28033 , 0.53033 )
	1/4 & 3/4 nodes:   ( 1.39017 , 0.265165 ),  ( 1.1705 , 0.795495 )
	Orthogonal vector: [ 1.06066 , 0.43934 ]
	Tangent vector:    [ -0.43934 , 1.06066 ]
	Length:              1.14805

	edge(3) loc = 3 glob = 10 orientation 0
	Midpoint:          ( 0.883883 , 0.883883 )
	1/4 & 3/4 nodes:   ( 0.972272 , 0.972272 ),  ( 0.795495 , 0.795495 )
	Orthogonal vector: [ -0.353553 , 0.353553 ]
	Tangent vector:    [ -0.353553 , -0.353553 ]
	Length:              0.5

	poly(0) not existing
	poly(1) not existing
	poly(2) loc = 2 glob = 2
	poly(3) loc = 3 glob = 0

	Mapping polygon: actual ==> reference ==> actual 
	(x,y) = (0.853553,0.353553) ==> (s,t) = (0,-1) ==> (x,y) = (0.853553,0.353553)
	(x,y) = (1.25,0) ==> (s,t) = (1,0) ==> (x,y) = (1.25,0)
	(x,y) = (1.28033,0.53033) ==> (s,t) = (0,1) ==> (x,y) = (1.28033,0.53033)
	(x,y) = (0.883883,0.883883) ==> (s,t) = (-1,0) ==> (x,y) = (0.883883,0.883883)

	Jacobian:	0.183058	0.213388
	         	-0.441942	0.0883883

	Inverse: 	     0.8	-1.93137
	         	       4	 1.65685

Poly: 2
	Centroid: ( 1.49372 , 0.618718 )
	Area:     0.618718

	vertex(0) loc = 0 glob = 8 coor ( 1.06066 , 1.06066 )
	vertex(1) loc = 1 glob = 3 coor ( 1.5 , 9.18485e-17 )
	vertex(2) loc = 2 glob = 4 coor ( 2 , 1.22465e-16 )
	vertex(3) loc = 3 glob = 5 coor ( 1.41421 , 1.41421 )

	edge(0) loc = 0 glob = 9 orientation 1
	Midpoint:          ( 1.28033 , 0.53033 )
	1/4 & 3/4 nodes:   ( 1.1705 , 0.795495 ),  ( 1.39017 , 0.265165 )
	Orthogonal vector: [ -1.06066 , -0.43934 ]
	Tangent vector:    [ 0.43934 , -1.06066 ]
	Length:              1.14805

	edge(1) loc = 1 glob = 3 orientation 1
	Midpoint:          ( 1.75 , 0 )
	1/4 & 3/4 nodes:   ( 1.625 , 0 ),  ( 1.875 , 0 )
	Orthogonal vector: [ 0 , -0.5 ]
	Tangent vector:    [ 0.5 , 0 ]
	Length:              0.5

	edge(2) loc = 2 glob = 4 orientation 1
	Midpoint:          ( 1.70711 , 0.707107 )
	1/4 & 3/4 nodes:   ( 1.85355 , 0.353553 ),  ( 1.56066 , 1.06066 )
	Orthogonal vector: [ 1.41421 , 0.585786 ]
	Tangent vector:    [ -0.585786 , 1.41421 ]
	Length:              1.53073

	edge(3) loc = 3 glob = 11 orientation 0
	Midpoint:          ( 1.23744 , 1.23744 )
	1/4 & 3/4 nodes:   ( 1.32583 , 1.32583 ),  ( 1.14905 , 1.14905 )
	Orthogonal vector: [ -0.353553 , 0.353553 ]
	Tangent vector:    [ -0.353553 , -0.353553 ]
	Length:              0.5

	poly(0) loc = 0 glob = 1
	poly(1) not existing
	poly(2) not existing
	poly(3) loc = 3 glob = 3

	Mapping polygon: actual ==> reference ==> actual 
	(x,y) = (1.28033,0.53033) ==> (s,t) = (0,-1) ==> (x,y) = (1.28033,0.53033)
	(x,y) = (1.75,0) ==> (s,t) = (1,0) ==> (x,y) = (1.75,0)
	(x,y) = (1.70711,0.707107) ==> (s,t) = (0,1) ==> (x,y) = (1.70711,0.707107)
	(x,y) = (1.23744,1.23744) ==> (s,t) = (-1,0) ==> (x,y) = (1.23744,1.23744)

	Jacobian:	0.256282	0.213388
	         	-0.618718	0.0883883

	Inverse: 	0.571429	-1.37955
	         	       4	 1.65685

Poly: 3
	Centroid: ( 0.618718 , 1.49372 )
	Area:     0.618718

	vertex(0) loc = 0 glob = 7 coor ( 0 , 1.5 )
	vertex(1) loc = 1 glob = 8 coor ( 1.06066 , 1.06066 )
	vertex(2) loc = 2 glob = 5 coor ( 1.41421 , 1.41421 )
	vertex(3) loc = 3 glob = 6 coor ( 0 , 2 )

	edge(0) loc = 0 glob = 8 orientation 1
	Midpoint:          ( 0.53033 , 1.28033 )
	1/4 & 3/4 nodes:   ( 0.265165 , 1.39017 ),  ( 0.795495 , 1.1705 )
	Orthogonal vector: [ -0.43934 , -1.06066 ]
	Tangent vector:    [ 1.06066 , -0.43934 ]
	Length:              1.14805

	edge(1) loc = 1 glob = 11 orientation 1
	Midpoint:          ( 1.23744 , 1.23744 )
	1/4 & 3/4 nodes:   ( 1.14905 , 1.14905 ),  ( 1.32583 , 1.32583 )
	Orthogonal vector: [ 0.353553 , -0.353553 ]
	Tangent vector:    [ 0.353553 , 0.353553 ]
	Length:              0.5

	edge(2) loc = 2 glob = 5 orientation 1
	Midpoint:          ( 0.707107 , 1.70711 )
	1/4 & 3/4 nodes:   ( 1.06066 , 1.56066 ),  ( 0.353553 , 1.85355 )
	Orthogonal vector: [ 0.585786 , 1.41421 ]
	Tangent vector:    [ -1.41421 , 0.585786 ]
	Length:              1.53073

	edge(3) loc = 3 glob = 6 orientation 1
	Midpoint:          ( 0 , 1.75 )
	1/4 & 3/4 nodes:   ( 0 , 1.875 ),  ( 0 , 1.625 )
	Orthogonal vector: [ -0.5 , 0 ]
	Tangent vector:    [ 0 , -0.5 ]
	Length:              0.5

	poly(0) loc = 0 glob = 0
	poly(1) loc = 1 glob = 2
	poly(2) not existing
	poly(3) not existing

	Mapping polygon: actual ==> reference ==> actual 
	(x,y) = (0.53033,1.28033) ==> (s,t) = (0,-1) ==> (x,y) = (0.53033,1.28033)
	(x,y) = (1.23744,1.23744) ==> (s,t) = (1,0) ==> (x,y) = (1.23744,1.23744)
	(x,y) = (0.707107,1.70711) ==> (s,t) = (0,1) ==> (x,y) = (0.707107,1.70711)
	(x,y) = (0,1.75) ==> (s,t) = (-1,0) ==> (x,y) = (0,1.75)

	Jacobian:	0.618718	0.0883883
	         	-0.256282	0.213388

	Inverse: 	 1.37955	-0.571429
	         	 1.65685	       4


Built-in info for meshes: 

P2MESH STRUCTURE:

VERTICES
vertex:    0 (     0 ,     1 )
vertex:    1 ( 0.707107 , 0.707107 )
vertex:    2 (     1 , 6.12323e-17 )
vertex:    3 (   1.5 , 9.18485e-17 )
vertex:    4 (     2 , 1.22465e-16 )
vertex:    5 ( 1.41421 , 1.41421 )
vertex:    6 (     0 ,     2 )
vertex:    7 (     0 ,   1.5 )
vertex:    8 ( 1.06066 , 1.06066 )

EDGES
edge:    0    V[     0     1 ]    P{     0   *   }
edge:    1    V[     1     2 ]    P{     1   *   }
edge:    2    V[     2     3 ]    P{     1   *   }
edge:    3    V[     3     4 ]    P{     2   *   }
edge:    4    V[     4     5 ]    P{     2   *   }
edge:    5    V[     5     6 ]    P{     3   *   }
edge:    6    V[     6     7 ]    P{     3   *   }
edge:    7    V[     7     0 ]    P{     0   *   }
edge:    8    V[     7     8 ]    P{     3     0 }
edge:    9    V[     8     3 ]    P{     2     1 }
edge:   10    V[     1     8 ]    P{     0     1 }
edge:   11    V[     8     5 ]    P{     3     2 }

POLYS
poly:    0    V[     0     1     8     7 ]    E[     0    10     8     7 ]
poly:    1    V[     1     2     3     8 ]    E[     1     2     9    10 ]
poly:    2    V[     8     3     4     5 ]    E[     9     3     4    11 ]
poly:    3    V[     7     8     5     6 ]    E[     8    11     5     6 ]

polygons = 4
edges    = 12
vertices = 9

Built-in info method for vertices: 
vertex:    0 (     0 ,     1 )
vertex:    1 ( 0.707107 , 0.707107 )
vertex:    2 (     1 , 6.12323e-17 )
vertex:    3 (   1.5 , 9.18485e-17 )
vertex:    4 (     2 , 1.22465e-16 )
vertex:    5 ( 1.41421 , 1.41421 )
vertex:    6 (     0 ,     2 )
vertex:    7 (     0 ,   1.5 )
vertex:    8 ( 1.06066 , 1.06066 )


Built-in info method for edges: 
edge:    0    V[     0     1 ]    P{     0   *   }
edge:    1    V[     1     2 ]    P{     1   *   }
edge:    2    V[     2     3 ]    P{     1   *   }
edge:    3    V[     3     4 ]    P{     2   *   }
edge:    4    V[     4     5 ]    P{     2   *   }
edge:    5    V[     5     6 ]    P{     3   *   }
edge:    6    V[     6     7 ]    P{     3   *   }
edge:    7    V[     7     0 ]    P{     0   *   }
edge:    8    V[     7     8 ]    P{     3     0 }
edge:    9    V[     8     3 ]    P{     2     1 }
edge:   10    V[     1     8 ]    P{     0     1 }
edge:   11    V[     8     5 ]    P{     3     2 }


Built-in info method for polygons: 
poly:    0    V[     0     1     8     7 ]    E[     0    10     8     7 ]
poly:    1    V[     1     2     3     8 ]    E[     1     2     9    10 ]
poly:    2    V[     8     3     4     5 ]    E[     9     3     4    11 ]
poly:    3    V[     7     8     5     6 ]    E[     8    11     5     6 ]

Print vertex markers
vertex : 0 -- marker : 5
vertex : 1 -- marker : 1
vertex : 2 -- marker : 6
vertex : 3 -- marker : 2
vertex : 4 -- marker : 7
vertex : 5 -- marker : 3
vertex : 6 -- marker : 8
vertex : 7 -- marker : 4
vertex : 8 -- marker : 0

Print edge markers
edge (bnd) : 0 -- marker : 1
edge (bnd) : 1 -- marker : 1
edge (bnd) : 2 -- marker : 2
edge (bnd) : 3 -- marker : 2
edge (bnd) : 4 -- marker : 3
edge (bnd) : 5 -- marker : 3
edge (bnd) : 6 -- marker : 4
edge (bnd) : 7 -- marker : 4
edge (int) : 8 -- marker : 0
edge (int) : 9 -- marker : 0
edge (int) : 10 -- marker : 0
edge (int) : 11 -- marker : 0

Print quad markers
quad : 0 -- marker : 5
quad : 1 -- marker : 6
quad : 2 -- marker : 7
quad : 3 -- marker : 8


****************
** build_mesh **
****************


            p2_mesh statistics
            Polygon Type = Quadrilateral
           +----------+----------+----------+
           | Total    | Internal | Boundary |
+----------+----------+----------+----------+
| Vertices |        7 |        1 |        6 | 
+----------+----------+----------+----------+
| Edges    |        9 |        3 |        6 | 
+----------+----------+----------+----------+
| Polygons |        3 |        0 |        3 | 
+----------+----------+----------+----------+

Vertices: 7 (total) 6 (boundary) 1 (internal) 
Edges:    9 (total) 6 (boundary) 3 (internal) 
Polygons: 3 (total) 3 (boundary) 0 (internal) 

Vertex  numbering is consistent
Edge    numbering is consistent
Polygon numbering is consistent
BUILT-IN CONSISTENCY CHECK : MESH IS OK

Bounding box:        0         0         2         2

Vertex:	0 -- ( 0 , 0 )

Vertex:	1 -- ( 1 , 0 )

Vertex:	2 -- ( 2 , 0 )

Vertex:	3 -- ( 2 , 2 )

Vertex:	4 -- ( 0 , 2 )

Vertex:	5 -- ( 0 , 1 )

Vertex:	6 -- ( 1 , 1 )

Edge:	0

	Vertex(0) loc = 0 glob = 0 ( 0 , 0 )
	Vertex(1) loc = 1 glob = 1 ( 1 , 0 )
	edge is on the boundary

	Left polygon  loc = 0 glob = 0
	adj edge(0)   loc = 0 glob = 6
	adj edge(1)   loc = 1 glob = 7
	adj edge(2)   loc = 2 glob = 5

	Midpoint:            ( 0.5 , 0 )
	(1/4 and 3/4) point: ( 0.25 , 0 ) , ( 0.75 , 0 )
	Orthogonal vector:   [ 0 , -1 ]
	Tangent vector:      [ 1 , 0 ]
	Length:              1

Edge:	1

	Vertex(0) loc = 0 glob = 1 ( 1 , 0 )
	Vertex(1) loc = 1 glob = 2 ( 2 , 0 )
	edge is on the boundary

	Left polygon  loc = 0 glob = 1
	adj edge(0)   loc = 0 glob = 2
	adj edge(1)   loc = 1 glob = 8
	adj edge(2)   loc = 2 glob = 6

	Midpoint:            ( 1.5 , 0 )
	(1/4 and 3/4) point: ( 1.25 , 0 ) , ( 1.75 , 0 )
	Orthogonal vector:   [ 0 , -1 ]
	Tangent vector:      [ 1 , 0 ]
	Length:              1

Edge:	2

	Vertex(0) loc = 0 glob = 2 ( 2 , 0 )
	Vertex(1) loc = 1 glob = 3 ( 2 , 2 )
	edge is on the boundary

	Left polygon  loc = 0 glob = 1
	adj edge(0)   loc = 0 glob = 8
	adj edge(1)   loc = 1 glob = 6
	adj edge(2)   loc = 2 glob = 1

	Midpoint:            ( 2 , 1 )
	(1/4 and 3/4) point: ( 2 , 0.5 ) , ( 2 , 1.5 )
	Orthogonal vector:   [ 2 , 0 ]
	Tangent vector:      [ 0 , 2 ]
	Length:              2

Edge:	3

	Vertex(0) loc = 0 glob = 3 ( 2 , 2 )
	Vertex(1) loc = 1 glob = 4 ( 0 , 2 )
	edge is on the boundary

	Left polygon  loc = 0 glob = 2
	adj edge(0)   loc = 0 glob = 4
	adj edge(1)   loc = 1 glob = 7
	adj edge(2)   loc = 2 glob = 8

	Midpoint:            ( 1 , 2 )
	(1/4 and 3/4) point: ( 1.5 , 2 ) , ( 0.5 , 2 )
	Orthogonal vector:   [ 0 , 2 ]
	Tangent vector:      [ -2 , 0 ]
	Length:              2

Edge:	4

	Vertex(0) loc = 0 glob = 4 ( 0 , 2 )
	Vertex(1) loc = 1 glob = 5 ( 0 , 1 )
	edge is on the boundary

	Left polygon  loc = 0 glob = 2
	adj edge(0)   loc = 0 glob = 7
	adj edge(1)   loc = 1 glob = 8
	adj edge(2)   loc = 2 glob = 3

	Midpoint:            ( 0 , 1.5 )
	(1/4 and 3/4) point: ( 0 , 1.75 ) , ( 0 , 1.25 )
	Orthogonal vector:   [ -1 , 0 ]
	Tangent vector:      [ 0 , -1 ]
	Length:              1

Edge:	5

	Vertex(0) loc = 0 glob = 5 ( 0 , 1 )
	Vertex(1) loc = 1 glob = 0 ( 0 , 0 )
	edge is on the boundary

	Left polygon  loc = 0 glob = 0
	adj edge(0)   loc = 0 glob = 0
	adj edge(1)   loc = 1 glob = 6
	adj edge(2)   loc = 2 glob = 7

	Midpoint:            ( 0 , 0.5 )
	(1/4 and 3/4) point: ( 0 , 0.75 ) , ( 0 , 0.25 )
	Orthogonal vector:   [ -1 , 0 ]
	Tangent vector:      [ 0 , -1 ]
	Length:              1

Edge:	6

	Vertex(0) loc = 0 glob = 1 ( 1 , 0 )
	Vertex(1) loc = 1 glob = 6 ( 1 , 1 )

	Left polygon  loc = 0 glob = 0

	Rigth polygon loc = 1 glob = 1
	adj edge(0)   loc = 0 glob = 7
	adj edge(1)   loc = 1 glob = 5
	adj edge(2)   loc = 2 glob = 0
	adj edge(3)   loc = 3 glob = 1
	adj edge(4)   loc = 4 glob = 2
	adj edge(5)   loc = 5 glob = 8

	Midpoint:            ( 1 , 0.5 )
	(1/4 and 3/4) point: ( 1 , 0.25 ) , ( 1 , 0.75 )
	Orthogonal vector:   [ 1 , 0 ]
	Tangent vector:      [ 0 , 1 ]
	Length:              1

Edge:	7

	Vertex(0) loc = 0 glob = 6 ( 1 , 1 )
	Vertex(1) loc = 1 glob = 5 ( 0 , 1 )

	Left polygon  loc = 0 glob = 0

	Rigth polygon loc = 1 glob = 2
	adj edge(0)   loc = 0 glob = 5
	adj edge(1)   loc = 1 glob = 0
	adj edge(2)   loc = 2 glob = 6
	adj edge(3)   loc = 3 glob = 8
	adj edge(4)   loc = 4 glob = 3
	adj edge(5)   loc = 5 glob = 4

	Midpoint:            ( 0.5 , 1 )
	(1/4 and 3/4) point: ( 0.75 , 1 ) , ( 0.25 , 1 )
	Orthogonal vector:   [ 0 , 1 ]
	Tangent vector:      [ -1 , 0 ]
	Length:              1

Edge:	8

	Vertex(0) loc = 0 glob = 6 ( 1 , 1 )
	Vertex(1) loc = 1 glob = 3 ( 2 , 2 )

	Left polygon  loc = 0 glob = 2

	Rigth polygon loc = 1 glob = 1
	adj edge(0)   loc = 0 glob = 3
	adj edge(1)   loc = 1 glob = 4
	adj edge(2)   loc = 2 glob = 7
	adj edge(3)   loc = 3 glob = 6
	adj edge(4)   loc = 4 glob = 1
	adj edge(5)   loc = 5 glob = 2

	Midpoint:            ( 1.5 , 1.5 )
	(1/4 and 3/4) point: ( 1.25 , 1.25 ) , ( 1.75 , 1.75 )
	Orthogonal vector:   [ 1 , -1 ]
	Tangent vector:      [ 1 , 1 ]
	Length:              1.41421
Poly: 0
	Centroid: ( 0.5 , 0.5 )
	Area:     1

	vertex(0) loc = 0 glob = 0 coor ( 0 , 0 )
	vertex(1) loc = 1 glob = 1 coor ( 1 , 0 )
	vertex(2) loc = 2 glob = 6 coor ( 1 , 1 )
	vertex(3) loc = 3 glob = 5 coor ( 0 , 1 )

	edge(0) loc = 0 glob = 0 orientation 1
	Midpoint:          ( 0.5 , 0 )
	1/4 & 3/4 nodes:   ( 0.25 , 0 ),  ( 0.75 , 0 )
	Orthogonal vector: [ 0 , -1 ]
	Tangent vector:    [ 1 , 0 ]
	Length:              1

	edge(1) loc = 1 glob = 6 orientation 1
	Midpoint:          ( 1 , 0.5 )
	1/4 & 3/4 nodes:   ( 1 , 0.25 ),  ( 1 , 0.75 )
	Orthogonal vector: [ 1 , 0 ]
	Tangent vector:    [ 0 , 1 ]
	Length:              1

	edge(2) loc = 2 glob = 7 orientation 1
	Midpoint:          ( 0.5 , 1 )
	1/4 & 3/4 nodes:   ( 0.75 , 1 ),  ( 0.25 , 1 )
	Orthogonal vector: [ 0 , 1 ]
	Tangent vector:    [ -1 , 0 ]
	Length:              1

	edge(3) loc = 3 glob = 5 orientation 1
	Midpoint:          ( 0 , 0.5 )
	1/4 & 3/4 nodes:   ( 0 , 0.75 ),  ( 0 , 0.25 )
	Orthogonal vector: [ -1 , 0 ]
	Tangent vector:    [ 0 , -1 ]
	Length:              1

	poly(0) not existing
	poly(1) loc = 1 glob = 1
	poly(2) loc = 2 glob = 2
	poly(3) not existing

	Mapping polygon: actual ==> reference ==> actual 
	(x,y) = (0.5,0) ==> (s,t) = (0,-1) ==> (x,y) = (0.5,0)
	(x,y) = (1,0.5) ==> (s,t) = (1,0) ==> (x,y) = (1,0.5)
	(x,y) = (0.5,1) ==> (s,t) = (0,1) ==> (x,y) = (0.5,1)
	(x,y) = (0,0.5) ==> (s,t) = (-1,0) ==> (x,y) = (0,0.5)

	Jacobian:	     0.5	       0
	         	       0	     0.5

	Inverse: 	       2	       0
	         	       0	       2

Poly: 1
	Centroid: ( 1.5 , 0.75 )
	Area:     1.5

	vertex(0) loc = 0 glob = 1 coor ( 1 , 0 )
	vertex(1) loc = 1 glob = 2 coor ( 2 , 0 )
	vertex(2) loc = 2 glob = 3 coor ( 2 , 2 )
	vertex(3) loc = 3 glob = 6 coor ( 1 , 1 )

	edge(0) loc = 0 glob = 1 orientation 1
	Midpoint:          ( 1.5 , 0 )
	1/4 & 3/4 nodes:   ( 1.25 , 0 ),  ( 1.75 , 0 )
	Orthogonal vector: [ 0 , -1 ]
	Tangent vector:    [ 1 , 0 ]
	Length:              1

	edge(1) loc = 1 glob = 2 orientation 1
	Midpoint:          ( 2 , 1 )
	1/4 & 3/4 nodes:   ( 2 , 0.5 ),  ( 2 , 1.5 )
	Orthogonal vector: [ 2 , 0 ]
	Tangent vector:    [ 0 , 2 ]
	Length:              2

	edge(2) loc = 2 glob = 8 orientation 0
	Midpoint:          ( 1.5 , 1.5 )
	1/4 & 3/4 nodes:   ( 1.75 , 1.75 ),  ( 1.25 , 1.25 )
	Orthogonal vector: [ -1 , 1 ]
	Tangent vector:    [ -1 , -1 ]
	Length:              1.41421

	edge(3) loc = 3 glob = 6 orientation 0
	Midpoint:          ( 1 , 0.5 )
	1/4 & 3/4 nodes:   ( 1 , 0.75 ),  ( 1 , 0.25 )
	Orthogonal vector: [ -1 , 0 ]
	Tangent vector:    [ 0 , -1 ]
	Length:              1

	poly(0) not existing
	poly(1) not existing
	poly(2) loc = 2 glob = 2
	poly(3) loc = 3 glob = 0

	Mapping polygon: actual ==> reference ==> actual 
	(x,y) = (1.5,0) ==> (s,t) = (0,-1) ==> (x,y) = (1.5,0)
	(x,y) = (2,1) ==> (s,t) = (1,0) ==> (x,y) = (2,1)
	(x,y) = (1.5,1.5) ==> (s,t) = (0,1) ==> (x,y) = (1.5,1.5)
	(x,y) = (1,0.5) ==> (s,t) = (-1,0) ==> (x,y) = (1,0.5)

	Jacobian:	     0.5	       0
	         	    0.25	    0.75

	Inverse: 	       2	       0
	         	-0.666667	 1.33333

Poly: 2
	Centroid: ( 0.75 , 1.5 )
	Area:     1.5

	vertex(0) loc = 0 glob = 5 coor ( 0 , 1 )
	vertex(1) loc = 1 glob = 6 coor ( 1 , 1 )
	vertex(2) loc = 2 glob = 3 coor ( 2 , 2 )
	vertex(3) loc = 3 glob = 4 coor ( 0 , 2 )

	edge(0) loc = 0 glob = 7 orientation 0
	Midpoint:          ( 0.5 , 1 )
	1/4 & 3/4 nodes:   ( 0.25 , 1 ),  ( 0.75 , 1 )
	Orthogonal vector: [ 0 , -1 ]
	Tangent vector:    [ 1 , 0 ]
	Length:              1

	edge(1) loc = 1 glob = 8 orientation 1
	Midpoint:          ( 1.5 , 1.5 )
	1/4 & 3/4 nodes:   ( 1.25 , 1.25 ),  ( 1.75 , 1.75 )
	Orthogonal vector: [ 1 , -1 ]
	Tangent vector:    [ 1 , 1 ]
	Length:              1.41421

	edge(2) loc = 2 glob = 3 orientation 1
	Midpoint:          ( 1 , 2 )
	1/4 & 3/4 nodes:   ( 1.5 , 2 ),  ( 0.5 , 2 )
	Orthogonal vector: [ 0 , 2 ]
	Tangent vector:    [ -2 , 0 ]
	Length:              2

	edge(3) loc = 3 glob = 4 orientation 1
	Midpoint:          ( 0 , 1.5 )
	1/4 & 3/4 nodes:   ( 0 , 1.75 ),  ( 0 , 1.25 )
	Orthogonal vector: [ -1 , 0 ]
	Tangent vector:    [ 0 , -1 ]
	Length:              1

	poly(0) loc = 0 glob = 0
	poly(1) loc = 1 glob = 1
	poly(2) not existing
	poly(3) not existing

	Mapping polygon: actual ==> reference ==> actual 
	(x,y) = (0.5,1) ==> (s,t) = (0,-1) ==> (x,y) = (0.5,1)
	(x,y) = (1.5,1.5) ==> (s,t) = (1,0) ==> (x,y) = (1.5,1.5)
	(x,y) = (1,2) ==> (s,t) = (0,1) ==> (x,y) = (1,2)
	(x,y) = (0,1.5) ==> (s,t) = (-1,0) ==> (x,y) = (0,1.5)

	Jacobian:	    0.75	    0.25
	         	       0	     0.5

	Inverse: 	 1.33333	-0.666667
	         	       0	       2


Built-in info for meshes: 

P2MESH STRUCTURE:

VERTICES
vertex:    0 (     0 ,     0 )
vertex:    1 (     1 ,     0 )
vertex:    2 (     2 ,     0 )
vertex:    3 (     2 ,     2 )
vertex:    4 (     0 ,     2 )
vertex:    5 (     0 ,     1 )
vertex:    6 (     1 ,     1 )

EDGES
edge:    0    V[     0     1 ]    P{     0   *   }
edge:    1    V[     1     2 ]    P{     1   *   }
edge:    2    V[     2     3 ]    P{     1   *   }
edge:    3    V[     3     4 ]    P{     2   *   }
edge:    4    V[     4     5 ]    P{     2   *   }
edge:    5    V[     5     0 ]    P{     0   *   }
edge:    6    V[     1     6 ]    P{     0     1 }
edge:    7    V[     6     5 ]    P{     0     2 }
edge:    8    V[     6     3 ]    P{     2     1 }

POLYS
poly:    0    V[     0     1     6     5 ]    E[     0     6     7     5 ]
poly:    1    V[     1     2     3     6 ]    E[     1     2     8     6 ]
poly:    2    V[     5     6     3     4 ]    E[     7     8     3     4 ]

polygons = 3
edges    = 9
vertices = 7

Built-in info method for vertices: 
vertex:    0 (     0 ,     0 )
vertex:    1 (     1 ,     0 )
vertex:    2 (     2 ,     0 )
vertex:    3 (     2 ,     2 )
vertex:    4 (     0 ,     2 )
vertex:    5 (     0 ,     1 )
vertex:    6 (     1 ,     1 )


Built-in info method for edges: 
edge:    0    V[     0     1 ]    P{     0   *   }
edge:    1    V[     1     2 ]    P{     1   *   }
edge:    2    V[     2     3 ]    P{     1   *   }
edge:    3    V[     3     4 ]    P{     2   *   }
edge:    4    V[     4     5 ]    P{     2   *   }
edge:    5    V[     5     0 ]    P{     0   *   }
edge:    6    V[     1     6 ]    P{     0     1 }
edge:    7    V[     6     5 ]    P{     0     2 }
edge:    8    V[     6     3 ]    P{     2     1 }


Built-in info method for polygons: 
poly:    0    V[     0     1     6     5 ]    E[     0     6     7     5 ]
poly:    1    V[     1     2     3     6 ]    E[     1     2     8     6 ]
poly:    2    V[     5     6     3     4 ]    E[     7     8     3     4 ]

Print vertex markers
vertex : 0 -- marker : 1
vertex : 1 -- marker : 2
vertex : 2 -- marker : 3
vertex : 3 -- marker : 4
vertex : 4 -- marker : 5
vertex : 5 -- marker : 6
vertex : 6 -- marker : 7

Print edge markers
edge (bnd) : 0 -- marker : 1
edge (bnd) : 1 -- marker : 2
edge (bnd) : 2 -- marker : 3
edge (bnd) : 3 -- marker : 4
edge (bnd) : 4 -- marker : 5
edge (bnd) : 5 -- marker : 6
edge (int) : 6 -- marker : 7
edge (int) : 7 -- marker : 8
edge (int) : 8 -- marker : 9

Print quad markers
quad : 0 -- marker : 1
quad : 1 -- marker : 2
quad : 2 -- marker : 3


***************
** read_mesh **
***************
 FILE = meshes/qmesh


            p2_mesh statistics
            Polygon Type = Quadrilateral
           +----------+----------+----------+
           | Total    | Internal | Boundary |
+----------+----------+----------+----------+
| Vertices |        7 |        1 |        6 | 
+----------+----------+----------+----------+
| Edges    |        9 |        3 |        6 | 
+----------+----------+----------+----------+
| Polygons |        3 |        0 |        3 | 
+----------+----------+----------+----------+

Vertices: 7 (total) 6 (boundary) 1 (internal) 
Edges:    9 (total) 6 (boundary) 3 (internal) 
Polygons: 3 (total) 3 (boundary) 0 (internal) 

Vertex  numbering is consistent
Edge    numbering is consistent
Polygon numbering is consistent
BUILT-IN CONSISTENCY CHECK : MESH IS OK

Bounding box:        0         0         2         2

Vertex:	0 -- ( 0 , 0 )

Vertex:	1 -- ( 1 , 0 )

Vertex:	2 -- ( 2 , 0 )

Vertex:	3 -- ( 2 , 2 )

Vertex:	4 -- ( 0 , 2 )

Vertex:	5 -- ( 0 , 1 )

Vertex:	6 -- ( 1 , 1 )

Edge:	0

	Vertex(0) loc = 0 glob = 0 ( 0 , 0 )
	Vertex(1) loc = 1 glob = 1 ( 1 , 0 )
	edge is on the boundary

	Left polygon  loc = 0 glob = 0
	adj edge(0)   loc = 0 glob = 6
	adj edge(1)   loc = 1 glob = 7
	adj edge(2)   loc = 2 glob = 5

	Midpoint:            ( 0.5 , 0 )
	(1/4 and 3/4) point: ( 0.25 , 0 ) , ( 0.75 , 0 )
	Orthogonal vector:   [ 0 , -1 ]
	Tangent vector:      [ 1 , 0 ]
	Length:              1

Edge:	1

	Vertex(0) loc = 0 glob = 1 ( 1 , 0 )
	Vertex(1) loc = 1 glob = 2 ( 2 , 0 )
	edge is on the boundary

	Left polygon  loc = 0 glob = 1
	adj edge(0)   loc = 0 glob = 2
	adj edge(1)   loc = 1 glob = 8
	adj edge(2)   loc = 2 glob = 6

	Midpoint:            ( 1.5 , 0 )
	(1/4 and 3/4) point: ( 1.25 , 0 ) , ( 1.75 , 0 )
	Orthogonal vector:   [ 0 , -1 ]
	Tangent vector:      [ 1 , 0 ]
	Length:              1

Edge:	2

	Vertex(0) loc = 0 glob = 2 ( 2 , 0 )
	Vertex(1) loc = 1 glob = 3 ( 2 , 2 )
	edge is on the boundary

	Left polygon  loc = 0 glob = 1
	adj edge(0)   loc = 0 glob = 8
	adj edge(1)   loc = 1 glob = 6
	adj edge(2)   loc = 2 glob = 1

	Midpoint:            ( 2 , 1 )
	(1/4 and 3/4) point: ( 2 , 0.5 ) , ( 2 , 1.5 )
	Orthogonal vector:   [ 2 , 0 ]
	Tangent vector:      [ 0 , 2 ]
	Length:              2

Edge:	3

	Vertex(0) loc = 0 glob = 3 ( 2 , 2 )
	Vertex(1) loc = 1 glob = 4 ( 0 , 2 )
	edge is on the boundary

	Left polygon  loc = 0 glob = 2
	adj edge(0)   loc = 0 glob = 4
	adj edge(1)   loc = 1 glob = 7
	adj edge(2)   loc = 2 glob = 8

	Midpoint:            ( 1 , 2 )
	(1/4 and 3/4) point: ( 1.5 , 2 ) , ( 0.5 , 2 )
	Orthogonal vector:   [ 0 , 2 ]
	Tangent vector:      [ -2 , 0 ]
	Length:              2

Edge:	4

	Vertex(0) loc = 0 glob = 4 ( 0 , 2 )
	Vertex(1) loc = 1 glob = 5 ( 0 , 1 )
	edge is on the boundary

	Left polygon  loc = 0 glob = 2
	adj edge(0)   loc = 0 glob = 7
	adj edge(1)   loc = 1 glob = 8
	adj edge(2)   loc = 2 glob = 3

	Midpoint:            ( 0 , 1.5 )
	(1/4 and 3/4) point: ( 0 , 1.75 ) , ( 0 , 1.25 )
	Orthogonal vector:   [ -1 , 0 ]
	Tangent vector:      [ 0 , -1 ]
	Length:              1

Edge:	5

	Vertex(0) loc = 0 glob = 5 ( 0 , 1 )
	Vertex(1) loc = 1 glob = 0 ( 0 , 0 )
	edge is on the boundary

	Left polygon  loc = 0 glob = 0
	adj edge(0)   loc = 0 glob = 0
	adj edge(1)   loc = 1 glob = 6
	adj edge(2)   loc = 2 glob = 7

	Midpoint:            ( 0 , 0.5 )
	(1/4 and 3/4) point: ( 0 , 0.75 ) , ( 0 , 0.25 )
	Orthogonal vector:   [ -1 , 0 ]
	Tangent vector:      [ 0 , -1 ]
	Length:              1

Edge:	6

	Vertex(0) loc = 0 glob = 1 ( 1 , 0 )
	Vertex(1) loc = 1 glob = 6 ( 1 , 1 )

	Left polygon  loc = 0 glob = 0

	Rigth polygon loc = 1 glob = 1
	adj edge(0)   loc = 0 glob = 7
	adj edge(1)   loc = 1 glob = 5
	adj edge(2)   loc = 2 glob = 0
	adj edge(3)   loc = 3 glob = 1
	adj edge(4)   loc = 4 glob = 2
	adj edge(5)   loc = 5 glob = 8

	Midpoint:            ( 1 , 0.5 )
	(1/4 and 3/4) point: ( 1 , 0.25 ) , ( 1 , 0.75 )
	Orthogonal vector:   [ 1 , 0 ]
	Tangent vector:      [ 0 , 1 ]
	Length:              1

Edge:	7

	Vertex(0) loc = 0 glob = 6 ( 1 , 1 )
	Vertex(1) loc = 1 glob = 5 ( 0 , 1 )

	Left polygon  loc = 0 glob = 0

	Rigth polygon loc = 1 glob = 2
	adj edge(0)   loc = 0 glob = 5
	adj edge(1)   loc = 1 glob = 0
	adj edge(2)   loc = 2 glob = 6
	adj edge(3)   loc = 3 glob = 8
	adj edge(4)   loc = 4 glob = 3
	adj edge(5)   loc = 5 glob = 4

	Midpoint:            ( 0.5 , 1 )
	(1/4 and 3/4) point: ( 0.75 , 1 ) , ( 0.25 , 1 )
	Orthogonal vector:   [ 0 , 1 ]
	Tangent vector:      [ -1 , 0 ]
	Length:              1

Edge:	8

	Vertex(0) loc = 0 glob = 6 ( 1 , 1 )
	Vertex(1) loc = 1 glob = 3 ( 2 , 2 )

	Left polygon  loc = 0 glob = 2

	Rigth polygon loc = 1 glob = 1
	adj edge(0)   loc = 0 glob = 3
	adj edge(1)   loc = 1 glob = 4
	adj edge(2)   loc = 2 glob = 7
	adj edge(3)   loc = 3 glob = 6
	adj edge(4)   loc = 4 glob = 1
	adj edge(5)   loc = 5 glob = 2

	Midpoint:            ( 1.5 , 1.5 )
	(1/4 and 3/4) point: ( 1.25 , 1.25 ) , ( 1.75 , 1.75 )
	Orthogonal vector:   [ 1 , -1 ]
	Tangent vector:      [ 1 , 1 ]
	Length:              1.41421
Poly: 0
	Centroid: ( 0.5 , 0.5 )
	Area:     1

	vertex(0) loc = 0 glob = 0 coor ( 0 , 0 )
	vertex(1) loc = 1 glob = 1 coor ( 1 , 0 )
	vertex(2) loc = 2 glob = 6 coor ( 1 , 1 )
	vertex(3) loc = 3 glob = 5 coor ( 0 , 1 )

	edge(0) loc = 0 glob = 0 orientation 1
	Midpoint:          ( 0.5 , 0 )
	1/4 & 3/4 nodes:   ( 0.25 , 0 ),  ( 0.75 , 0 )
	Orthogonal vector: [ 0 , -1 ]
	Tangent vector:    [ 1 , 0 ]
	Length:              1

	edge(1) loc = 1 glob = 6 orientation 1
	Midpoint:          ( 1 , 0.5 )
	1/4 & 3/4 nodes:   ( 1 , 0.25 ),  ( 1 , 0.75 )
	Orthogonal vector: [ 1 , 0 ]
	Tangent vector:    [ 0 , 1 ]
	Length:              1

	edge(2) loc = 2 glob = 7 orientation 1
	Midpoint:          ( 0.5 , 1 )
	1/4 & 3/4 nodes:   ( 0.75 , 1 ),  ( 0.25 , 1 )
	Orthogonal vector: [ 0 , 1 ]
	Tangent vector:    [ -1 , 0 ]
	Length:              1

	edge(3) loc = 3 glob = 5 orientation 1
	Midpoint:          ( 0 , 0.5 )
	1/4 & 3/4 nodes:   ( 0 , 0.75 ),  ( 0 , 0.25 )
	Orthogonal vector: [ -1 , 0 ]
	Tangent vector:    [ 0 , -1 ]
	Length:              1

	poly(0) not existing
	poly(1) loc = 1 glob = 1
	poly(2) loc = 2 glob = 2
	poly(3) not existing

	Mapping polygon: actual ==> reference ==> actual 
	(x,y) = (0.5,0) ==> (s,t) = (0,-1) ==> (x,y) = (0.5,0)
	(x,y) = (1,0.5) ==> (s,t) = (1,0) ==> (x,y) = (1,0.5)
	(x,y) = (0.5,1) ==> (s,t) = (0,1) ==> (x,y) = (0.5,1)
	(x,y) = (0,0.5) ==> (s,t) = (-1,0) ==> (x,y) = (0,0.5)

	Jacobian:	     0.5	       0
	         	       0	     0.5

	Inverse: 	       2	       0
	         	       0	       2

Poly: 1
	Centroid: ( 1.5 , 0.75 )
	Area:     1.5

	vertex(0) loc = 0 glob = 1 coor ( 1 , 0 )
	vertex(1) loc = 1 glob = 2 coor ( 2 , 0 )
	vertex(2) loc = 2 glob = 3 coor ( 2 , 2 )
	vertex(3) loc = 3 glob = 6 coor ( 1 , 1 )

	edge(0) loc = 0 glob = 1 orientation 1
	Midpoint:          ( 1.5 , 0 )
	1/4 & 3/4 nodes:   ( 1.25 , 0 ),  ( 1.75 , 0 )
	Orthogonal vector: [ 0 , -1 ]
	Tangent vector:    [ 1 , 0 ]
	Length:              1

	edge(1) loc = 1 glob = 2 orientation 1
	Midpoint:          ( 2 , 1 )
	1/4 & 3/4 nodes:   ( 2 , 0.5 ),  ( 2 , 1.5 )
	Orthogonal vector: [ 2 , 0 ]
	Tangent vector:    [ 0 , 2 ]
	Length:              2

	edge(2) loc = 2 glob = 8 orientation 0
	Midpoint:          ( 1.5 , 1.5 )
	1/4 & 3/4 nodes:   ( 1.75 , 1.75 ),  ( 1.25 , 1.25 )
	Orthogonal vector: [ -1 , 1 ]
	Tangent vector:    [ -1 , -1 ]
	Length:              1.41421

	edge(3) loc = 3 glob = 6 orientation 0
	Midpoint:          ( 1 , 0.5 )
	1/4 & 3/4 nodes:   ( 1 , 0.75 ),  ( 1 , 0.25 )
	Orthogonal vector: [ -1 , 0 ]
	Tangent vector:    [ 0 , -1 ]
	Length:              1

	poly(0) not existing
	poly(1) not existing
	poly(2) loc = 2 glob = 2
	poly(3) loc = 3 glob = 0

	Mapping polygon: actual ==> reference ==> actual 
	(x,y) = (1.5,0) ==> (s,t) = (0,-1) ==> (x,y) = (1.5,0)
	(x,y) = (2,1) ==> (s,t) = (1,0) ==> (x,y) = (2,1)
	(x,y) = (1.5,1.5) ==> (s,t) = (0,1) ==> (x,y) = (1.5,1.5)
	(x,y) = (1,0.5) ==> (s,t) = (-1,0) ==> (x,y) = (1,0.5)

	Jacobian:	     0.5	       0
	         	    0.25	    0.75

	Inverse: 	       2	       0
	         	-0.666667	 1.33333

Poly: 2
	Centroid: ( 0.75 , 1.5 )
	Area:     1.5

	vertex(0) loc = 0 glob = 5 coor ( 0 , 1 )
	vertex(1) loc = 1 glob = 6 coor ( 1 , 1 )
	vertex(2) loc = 2 glob = 3 coor ( 2 , 2 )
	vertex(3) loc = 3 glob = 4 coor ( 0 , 2 )

	edge(0) loc = 0 glob = 7 orientation 0
	Midpoint:          ( 0.5 , 1 )
	1/4 & 3/4 nodes:   ( 0.25 , 1 ),  ( 0.75 , 1 )
	Orthogonal vector: [ 0 , -1 ]
	Tangent vector:    [ 1 , 0 ]
	Length:              1

	edge(1) loc = 1 glob = 8 orientation 1
	Midpoint:          ( 1.5 , 1.5 )
	1/4 & 3/4 nodes:   ( 1.25 , 1.25 ),  ( 1.75 , 1.75 )
	Orthogonal vector: [ 1 , -1 ]
	Tangent vector:    [ 1 , 1 ]
	Length:              1.41421

	edge(2) loc = 2 glob = 3 orientation 1
	Midpoint:          ( 1 , 2 )
	1/4 & 3/4 nodes:   ( 1.5 , 2 ),  ( 0.5 , 2 )
	Orthogonal vector: [ 0 , 2 ]
	Tangent vector:    [ -2 , 0 ]
	Length:              2

	edge(3) loc = 3 glob = 4 orientation 1
	Midpoint:          ( 0 , 1.5 )
	1/4 & 3/4 nodes:   ( 0 , 1.75 ),  ( 0 , 1.25 )
	Orthogonal vector: [ -1 , 0 ]
	Tangent vector:    [ 0 , -1 ]
	Length:              1

	poly(0) loc = 0 glob = 0
	poly(1) loc = 1 glob = 1
	poly(2) not existing
	poly(3) not existing

	Mapping polygon: actual ==> reference ==> actual 
	(x,y) = (0.5,1) ==> (s,t) = (0,-1) ==> (x,y) = (0.5,1)
	(x,y) = (1.5,1.5) ==> (s,t) = (1,0) ==> (x,y) = (1.5,1.5)
	(x,y) = (1,2) ==> (s,t) = (0,1) ==> (x,y) = (1,2)
	(x,y) = (0,1.5) ==> (s,t) = (-1,0) ==> (x,y) = (0,1.5)

	Jacobian:	    0.75	    0.25
	         	       0	     0.5

	Inverse: 	 1.33333	-0.666667
	         	       0	       2


Built-in info for meshes: 

P2MESH STRUCTURE:

VERTICES
vertex:    0 (     0 ,     0 )
vertex:    1 (     1 ,     0 )
vertex:    2 (     2 ,     0 )
vertex:    3 (     2 ,     2 )
vertex:    4 (     0 ,     2 )
vertex:    5 (     0 ,     1 )
vertex:    6 (     1 ,     1 )

EDGES
edge:    0    V[     0     1 ]    P{     0   *   }
edge:    1    V[     1     2 ]    P{     1   *   }
edge:    2    V[     2     3 ]    P{     1   *   }
edge:    3    V[     3     4 ]    P{     2   *   }
edge:    4    V[     4     5 ]    P{     2   *   }
edge:    5    V[     5     0 ]    P{     0   *   }
edge:    6    V[     1     6 ]    P{     0     1 }
edge:    7    V[     6     5 ]    P{     0     2 }
edge:    8    V[     6     3 ]    P{     2     1 }

POLYS
poly:    0    V[     0     1     6     5 ]    E[     0     6     7     5 ]
poly:    1    V[     1     2     3     6 ]    E[     1     2     8     6 ]
poly:    2    V[     5     6     3     4 ]    E[     7     8     3     4 ]

polygons = 3
edges    = 9
vertices = 7

Built-in info method for vertices: 
vertex:    0 (     0 ,     0 )
vertex:    1 (     1 ,     0 )
vertex:    2 (     2 ,     0 )
vertex:    3 (     2 ,     2 )
vertex:    4 (     0 ,     2 )
vertex:    5 (     0 ,     1 )
vertex:    6 (     1 ,     1 )


Built-in info method for edges: 
edge:    0    V[     0     1 ]    P{     0   *   }
edge:    1    V[     1     2 ]    P{     1   *   }
edge:    2    V[     2     3 ]    P{     1   *   }
edge:    3    V[     3     4 ]    P{     2   *   }
edge:    4    V[     4     5 ]    P{     2   *   }
edge:    5    V[     5     0 ]    P{     0   *   }
edge:    6    V[     1     6 ]    P{     0     1 }
edge:    7    V[     6     5 ]    P{     0     2 }
edge:    8    V[     6     3 ]    P{     2     1 }


Built-in info method for polygons: 
poly:    0    V[     0     1     6     5 ]    E[     0     6     7     5 ]
poly:    1    V[     1     2     3     6 ]    E[     1     2     8     6 ]
poly:    2    V[     5     6     3     4 ]    E[     7     8     3     4 ]

Print vertex markers
vertex : 0 -- marker : 1
vertex : 1 -- marker : 2
vertex : 2 -- marker : 3
vertex : 3 -- marker : 4
vertex : 4 -- marker : 5
vertex : 5 -- marker : 6
vertex : 6 -- marker : 7

Print edge markers
edge (bnd) : 0 -- marker : 1
edge (bnd) : 1 -- marker : 2
edge (bnd) : 2 -- marker : 3
edge (bnd) : 3 -- marker : 4
edge (bnd) : 4 -- marker : 5
edge (bnd) : 5 -- marker : 6
edge (int) : 6 -- marker : 7
edge (int) : 7 -- marker : 8
edge (int) : 8 -- marker : 9

Print quad markers
quad : 0 -- marker : 1
quad : 1 -- marker : 2
quad : 2 -- marker : 3


*******************
** read_map_mesh **
*******************
 FILE = meshes/mesh.grd


            p2_mesh statistics
            Polygon Type = Quadrilateral
           +----------+----------+----------+
           | Total    | Internal | Boundary |
+----------+----------+----------+----------+
| Vertices |        9 |        1 |        8 | 
+----------+----------+----------+----------+
| Edges    |       12 |        4 |        8 | 
+----------+----------+----------+----------+
| Polygons |        4 |        0 |        4 | 
+----------+----------+----------+----------+

Vertices: 9 (total) 8 (boundary) 1 (internal) 
Edges:    12 (total) 8 (boundary) 4 (internal) 
Polygons: 4 (total) 4 (boundary) 0 (internal) 

Vertex  numbering is consistent
Edge    numbering is consistent
Polygon numbering is consistent
BUILT-IN CONSISTENCY CHECK : MESH IS OK

Bounding box:        0         0         2         2

Vertex:	0 -- ( 0 , 1 )

Vertex:	1 -- ( 0.71 , 0.71 )

Vertex:	2 -- ( 1 , 0 )

Vertex:	3 -- ( 1.5 , 0 )

Vertex:	4 -- ( 2 , 0 )

Vertex:	5 -- ( 1.41 , 1.41 )

Vertex:	6 -- ( 0 , 2 )

Vertex:	7 -- ( 0 , 1.5 )

Vertex:	8 -- ( 1.06 , 1.06 )

Edge:	0

	Vertex(0) loc = 0 glob = 0 ( 0 , 1 )
	Vertex(1) loc = 1 glob = 1 ( 0.71 , 0.71 )
	edge is on the boundary

	Left polygon  loc = 0 glob = 0
	adj edge(0)   loc = 0 glob = 10
	adj edge(1)   loc = 1 glob = 8
	adj edge(2)   loc = 2 glob = 7

	Midpoint:            ( 0.355 , 0.855 )
	(1/4 and 3/4) point: ( 0.1775 , 0.9275 ) , ( 0.5325 , 0.7825 )
	Orthogonal vector:   [ -0.29 , -0.71 ]
	Tangent vector:      [ 0.71 , -0.29 ]
	Length:              0.766942

Edge:	1

	Vertex(0) loc = 0 glob = 1 ( 0.71 , 0.71 )
	Vertex(1) loc = 1 glob = 2 ( 1 , 0 )
	edge is on the boundary

	Left polygon  loc = 0 glob = 1
	adj edge(0)   loc = 0 glob = 2
	adj edge(1)   loc = 1 glob = 9
	adj edge(2)   loc = 2 glob = 10

	Midpoint:            ( 0.855 , 0.355 )
	(1/4 and 3/4) point: ( 0.7825 , 0.5325 ) , ( 0.9275 , 0.1775 )
	Orthogonal vector:   [ -0.71 , -0.29 ]
	Tangent vector:      [ 0.29 , -0.71 ]
	Length:              0.766942

Edge:	2

	Vertex(0) loc = 0 glob = 2 ( 1 , 0 )
	Vertex(1) loc = 1 glob = 3 ( 1.5 , 0 )
	edge is on the boundary

	Left polygon  loc = 0 glob = 1
	adj edge(0)   loc = 0 glob = 9
	adj edge(1)   loc = 1 glob = 10
	adj edge(2)   loc = 2 glob = 1

	Midpoint:            ( 1.25 , 0 )
	(1/4 and 3/4) point: ( 1.125 , 0 ) , ( 1.375 , 0 )
	Orthogonal vector:   [ 0 , -0.5 ]
	Tangent vector:      [ 0.5 , 0 ]
	Length:              0.5

Edge:	3

	Vertex(0) loc = 0 glob = 3 ( 1.5 , 0 )
	Vertex(1) loc = 1 glob = 4 ( 2 , 0 )
	edge is on the boundary

	Left polygon  loc = 0 glob = 2
	adj edge(0)   loc = 0 glob = 4
	adj edge(1)   loc = 1 glob = 11
	adj edge(2)   loc = 2 glob = 9

	Midpoint:            ( 1.75 , 0 )
	(1/4 and 3/4) point: ( 1.625 , 0 ) , ( 1.875 , 0 )
	Orthogonal vector:   [ 0 , -0.5 ]
	Tangent vector:      [ 0.5 , 0 ]
	Length:              0.5

Edge:	4

	Vertex(0) loc = 0 glob = 4 ( 2 , 0 )
	Vertex(1) loc = 1 glob = 5 ( 1.41 , 1.41 )
	edge is on the boundary

	Left polygon  loc = 0 glob = 2
	adj edge(0)   loc = 0 glob = 11
	adj edge(1)   loc = 1 glob = 9
	adj edge(2)   loc = 2 glob = 3

	Midpoint:            ( 1.705 , 0.705 )
	(1/4 and 3/4) point: ( 1.8525 , 0.3525 ) , ( 1.5575 , 1.0575 )
	Orthogonal vector:   [ 1.41 , 0.59 ]
	Tangent vector:      [ -0.59 , 1.41 ]
	Length:              1.52846

Edge:	5

	Vertex(0) loc = 0 glob = 5 ( 1.41 , 1.41 )
	Vertex(1) loc = 1 glob = 6 ( 0 , 2 )
	edge is on the boundary

	Left polygon  loc = 0 glob = 3
	adj edge(0)   loc = 0 glob = 6
	adj edge(1)   loc = 1 glob = 8
	adj edge(2)   loc = 2 glob = 11

	Midpoint:            ( 0.705 , 1.705 )
	(1/4 and 3/4) point: ( 1.0575 , 1.5575 ) , ( 0.3525 , 1.8525 )
	Orthogonal vector:   [ 0.59 , 1.41 ]
	Tangent vector:      [ -1.41 , 0.59 ]
	Length:              1.52846

Edge:	6

	Vertex(0) loc = 0 glob = 6 ( 0 , 2 )
	Vertex(1) loc = 1 glob = 7 ( 0 , 1.5 )
	edge is on the boundary

	Left polygon  loc = 0 glob = 3
	adj edge(0)   loc = 0 glob = 8
	adj edge(1)   loc = 1 glob = 11
	adj edge(2)   loc = 2 glob = 5

	Midpoint:            ( 0 , 1.75 )
	(1/4 and 3/4) point: ( 0 , 1.875 ) , ( 0 , 1.625 )
	Orthogonal vector:   [ -0.5 , 0 ]
	Tangent vector:      [ 0 , -0.5 ]
	Length:              0.5

Edge:	7

	Vertex(0) loc = 0 glob = 7 ( 0 , 1.5 )
	Vertex(1) loc = 1 glob = 0 ( 0 , 1 )
	edge is on the boundary

	Left polygon  loc = 0 glob = 0
	adj edge(0)   loc = 0 glob = 0
	adj edge(1)   loc = 1 glob = 10
	adj edge(2)   loc = 2 glob = 8

	Midpoint:            ( 0 , 1.25 )
	(1/4 and 3/4) point: ( 0 , 1.375 ) , ( 0 , 1.125 )
	Orthogonal vector:   [ -0.5 , 0 ]
	Tangent vector:      [ 0 , -0.5 ]
	Length:              0.5

Edge:	8

	Vertex(0) loc = 0 glob = 7 ( 0 , 1.5 )
	Vertex(1) loc = 1 glob = 8 ( 1.06 , 1.06 )

	Left polygon  loc = 0 glob = 3

	Rigth polygon loc = 1 glob = 0
	adj edge(0)   loc = 0 glob = 11
	adj edge(1)   loc = 1 glob = 5
	adj edge(2)   loc = 2 glob = 6
	adj edge(3)   loc = 3 glob = 7
	adj edge(4)   loc = 4 glob = 0
	adj edge(5)   loc = 5 glob = 10

	Midpoint:            ( 0.53 , 1.28 )
	(1/4 and 3/4) point: ( 0.265 , 1.39 ) , ( 0.795 , 1.17 )
	Orthogonal vector:   [ -0.44 , -1.06 ]
	Tangent vector:      [ 1.06 , -0.44 ]
	Length:              1.14769

Edge:	9

	Vertex(0) loc = 0 glob = 8 ( 1.06 , 1.06 )
	Vertex(1) loc = 1 glob = 3 ( 1.5 , 0 )

	Left polygon  loc = 0 glob = 2

	Rigth polygon loc = 1 glob = 1
	adj edge(0)   loc = 0 glob = 3
	adj edge(1)   loc = 1 glob = 4
	adj edge(2)   loc = 2 glob = 11
	adj edge(3)   loc = 3 glob = 10
	adj edge(4)   loc = 4 glob = 1
	adj edge(5)   loc = 5 glob = 2

	Midpoint:            ( 1.28 , 0.53 )
	(1/4 and 3/4) point: ( 1.17 , 0.795 ) , ( 1.39 , 0.265 )
	Orthogonal vector:   [ -1.06 , -0.44 ]
	Tangent vector:      [ 0.44 , -1.06 ]
	Length:              1.14769

Edge:	10

	Vertex(0) loc = 0 glob = 1 ( 0.71 , 0.71 )
	Vertex(1) loc = 1 glob = 8 ( 1.06 , 1.06 )

	Left polygon  loc = 0 glob = 0

	Rigth polygon loc = 1 glob = 1
	adj edge(0)   loc = 0 glob = 8
	adj edge(1)   loc = 1 glob = 7
	adj edge(2)   loc = 2 glob = 0
	adj edge(3)   loc = 3 glob = 1
	adj edge(4)   loc = 4 glob = 2
	adj edge(5)   loc = 5 glob = 9

	Midpoint:            ( 0.885 , 0.885 )
	(1/4 and 3/4) point: ( 0.7975 , 0.7975 ) , ( 0.9725 , 0.9725 )
	Orthogonal vector:   [ 0.35 , -0.35 ]
	Tangent vector:      [ 0.35 , 0.35 ]
	Length:              0.494975

Edge:	11

	Vertex(0) loc = 0 glob = 8 ( 1.06 , 1.06 )
	Vertex(1) loc = 1 glob = 5 ( 1.41 , 1.41 )

	Left polygon  loc = 0 glob = 3

	Rigth polygon loc = 1 glob = 2
	adj edge(0)   loc = 0 glob = 5
	adj edge(1)   loc = 1 glob = 6
	adj edge(2)   loc = 2 glob = 8
	adj edge(3)   loc = 3 glob = 9
	adj edge(4)   loc = 4 glob = 3
	adj edge(5)   loc = 5 glob = 4

	Midpoint:            ( 1.235 , 1.235 )
	(1/4 and 3/4) point: ( 1.1475 , 1.1475 ) , ( 1.3225 , 1.3225 )
	Orthogonal vector:   [ 0.35 , -0.35 ]
	Tangent vector:      [ 0.35 , 0.35 ]
	Length:              0.494975
Poly: 0
	Centroid: ( 0.4425 , 1.0675 )
	Area:     0.44

	vertex(0) loc = 0 glob = 0 coor ( 0 , 1 )
	vertex(1) loc = 1 glob = 1 coor ( 0.71 , 0.71 )
	vertex(2) loc = 2 glob = 8 coor ( 1.06 , 1.06 )
	vertex(3) loc = 3 glob = 7 coor ( 0 , 1.5 )

	edge(0) loc = 0 glob = 0 orientation 1
	Midpoint:          ( 0.355 , 0.855 )
	1/4 & 3/4 nodes:   ( 0.1775 , 0.9275 ),  ( 0.5325 , 0.7825 )
	Orthogonal vector: [ -0.29 , -0.71 ]
	Tangent vector:    [ 0.71 , -0.29 ]
	Length:              0.766942

	edge(1) loc = 1 glob = 10 orientation 1
	Midpoint:          ( 0.885 , 0.885 )
	1/4 & 3/4 nodes:   ( 0.7975 , 0.7975 ),  ( 0.9725 , 0.9725 )
	Orthogonal vector: [ 0.35 , -0.35 ]
	Tangent vector:    [ 0.35 , 0.35 ]
	Length:              0.494975

	edge(2) loc = 2 glob = 8 orientation 0
	Midpoint:          ( 0.53 , 1.28 )
	1/4 & 3/4 nodes:   ( 0.795 , 1.17 ),  ( 0.265 , 1.39 )
	Orthogonal vector: [ 0.44 , 1.06 ]
	Tangent vector:    [ -1.06 , 0.44 ]
	Length:              1.14769

	edge(3) loc = 3 glob = 7 orientation 1
	Midpoint:          ( 0 , 1.25 )
	1/4 & 3/4 nodes:   ( 0 , 1.375 ),  ( 0 , 1.125 )
	Orthogonal vector: [ -0.5 , 0 ]
	Tangent vector:    [ 0 , -0.5 ]
	Length:              0.5

	poly(0) not existing
	poly(1) loc = 1 glob = 1
	poly(2) loc = 2 glob = 3
	poly(3) not existing

	Mapping polygon: actual ==> reference ==> actual 
	(x,y) = (0.355,0.855) ==> (s,t) = (0,-1) ==> (x,y) = (0.355,0.855)
	(x,y) = (0.885,0.885) ==> (s,t) = (1,0) ==> (x,y) = (0.885,0.885)
	(x,y) = (0.53,1.28) ==> (s,t) = (0,1) ==> (x,y) = (0.53,1.28)
	(x,y) = (0,1.25) ==> (s,t) = (-1,0) ==> (x,y) = (0,1.25)

	Jacobian:	  0.4425	  0.0875
	         	 -0.1825	  0.2125

	Inverse: 	 1.93182	-0.795455
	         	 1.65909	 4.02273

Poly: 1
	Centroid: ( 1.0675 , 0.4425 )
	Area:     0.44

	vertex(0) loc = 0 glob = 1 coor ( 0.71 , 0.71 )
	vertex(1) loc = 1 glob = 2 coor ( 1 , 0 )
	vertex(2) loc = 2 glob = 3 coor ( 1.5 , 0 )
	vertex(3) loc = 3 glob = 8 coor ( 1.06 , 1.06 )

	edge(0) loc = 0 glob = 1 orientation 1
	Midpoint:          ( 0.855 , 0.355 )
	1/4 & 3/4 nodes:   ( 0.7825 , 0.5325 ),  ( 0.9275 , 0.1775 )
	Orthogonal vector: [ -0.71 , -0.29 ]
	Tangent vector:    [ 0.29 , -0.71 ]
	Length:              0.766942

	edge(1) loc = 1 glob = 2 orientation 1
	Midpoint:          ( 1.25 , 0 )
	1/4 & 3/4 nodes:   ( 1.125 , 0 ),  ( 1.375 , 0 )
	Orthogonal vector: [ 0 , -0.5 ]
	Tangent vector:    [ 0.5 , 0 ]
	Length:              0.5

	edge(2) loc = 2 glob = 9 orientation 0
	Midpoint:          ( 1.28 , 0.53 )
	1/4 & 3/4 nodes:   ( 1.39 , 0.265 ),  ( 1.17 , 0.795 )
	Orthogonal vector: [ 1.06 , 0.44 ]
	Tangent vector:    [ -0.44 , 1.06 ]
	Length:              1.14769

	edge(3) loc = 3 glob = 10 orientation 0
	Midpoint:          ( 0.885 , 0.885 )
	1/4 & 3/4 nodes:   ( 0.9725 , 0.9725 ),  ( 0.7975 , 0.7975 )
	Orthogonal vector: [ -0.35 , 0.35 ]
	Tangent vector:    [ -0.35 , -0.35 ]
	Length:              0.494975

	poly(0) not existing
	poly(1) not existing
	poly(2) loc = 2 glob = 2
	poly(3) loc = 3 glob = 0

	Mapping polygon: actual ==> reference ==> actual 
	(x,y) = (0.855,0.355) ==> (s,t) = (0,-1) ==> (x,y) = (0.855,0.355)
	(x,y) = (1.25,0) ==> (s,t) = (1,0) ==> (x,y) = (1.25,0)
	(x,y) = (1.28,0.53) ==> (s,t) = (0,1) ==> (x,y) = (1.28,0.53)
	(x,y) = (0.885,0.885) ==> (s,t) = (-1,0) ==> (x,y) = (0.885,0.885)

	Jacobian:	  0.1825	  0.2125
	         	 -0.4425	  0.0875

	Inverse: 	0.795455	-1.93182
	         	 4.02273	 1.65909

Poly: 2
	Centroid: ( 1.4925 , 0.6175 )
	Area:     0.615

	vertex(0) loc = 0 glob = 8 coor ( 1.06 , 1.06 )
	vertex(1) loc = 1 glob = 3 coor ( 1.5 , 0 )
	vertex(2) loc = 2 glob = 4 coor ( 2 , 0 )
	vertex(3) loc = 3 glob = 5 coor ( 1.41 , 1.41 )

	edge(0) loc = 0 glob = 9 orientation 1
	Midpoint:          ( 1.28 , 0.53 )
	1/4 & 3/4 nodes:   ( 1.17 , 0.795 ),  ( 1.39 , 0.265 )
	Orthogonal vector: [ -1.06 , -0.44 ]
	Tangent vector:    [ 0.44 , -1.06 ]
	Length:              1.14769

	edge(1) loc = 1 glob = 3 orientation 1
	Midpoint:          ( 1.75 , 0 )
	1/4 & 3/4 nodes:   ( 1.625 , 0 ),  ( 1.875 , 0 )
	Orthogonal vector: [ 0 , -0.5 ]
	Tangent vector:    [ 0.5 , 0 ]
	Length:              0.5

	edge(2) loc = 2 glob = 4 orientation 1
	Midpoint:          ( 1.705 , 0.705 )
	1/4 & 3/4 nodes:   ( 1.8525 , 0.3525 ),  ( 1.5575 , 1.0575 )
	Orthogonal vector: [ 1.41 , 0.59 ]
	Tangent vector:    [ -0.59 , 1.41 ]
	Length:              1.52846

	edge(3) loc = 3 glob = 11 orientation 0
	Midpoint:          ( 1.235 , 1.235 )
	1/4 & 3/4 nodes:   ( 1.3225 , 1.3225 ),  ( 1.1475 , 1.1475 )
	Orthogonal vector: [ -0.35 , 0.35 ]
	Tangent vector:    [ -0.35 , -0.35 ]
	Length:              0.494975

	poly(0) loc = 0 glob = 1
	poly(1) not existing
	poly(2) not existing
	poly(3) loc = 3 glob = 3

	Mapping polygon: actual ==> reference ==> actual 
	(x,y) = (1.28,0.53) ==> (s,t) = (0,-1) ==> (x,y) = (1.28,0.53)
	(x,y) = (1.75,0) ==> (s,t) = (1,0) ==> (x,y) = (1.75,0)
	(x,y) = (1.705,0.705) ==> (s,t) = (0,1) ==> (x,y) = (1.705,0.705)
	(x,y) = (1.235,1.235) ==> (s,t) = (-1,0) ==> (x,y) = (1.235,1.235)

	Jacobian:	  0.2575	  0.2125
	         	 -0.6175	  0.0875

	Inverse: 	0.569106	-1.38211
	         	 4.01626	  1.6748

Poly: 3
	Centroid: ( 0.6175 , 1.4925 )
	Area:     0.615

	vertex(0) loc = 0 glob = 7 coor ( 0 , 1.5 )
	vertex(1) loc = 1 glob = 8 coor ( 1.06 , 1.06 )
	vertex(2) loc = 2 glob = 5 coor ( 1.41 , 1.41 )
	vertex(3) loc = 3 glob = 6 coor ( 0 , 2 )

	edge(0) loc = 0 glob = 8 orientation 1
	Midpoint:          ( 0.53 , 1.28 )
	1/4 & 3/4 nodes:   ( 0.265 , 1.39 ),  ( 0.795 , 1.17 )
	Orthogonal vector: [ -0.44 , -1.06 ]
	Tangent vector:    [ 1.06 , -0.44 ]
	Length:              1.14769

	edge(1) loc = 1 glob = 11 orientation 1
	Midpoint:          ( 1.235 , 1.235 )
	1/4 & 3/4 nodes:   ( 1.1475 , 1.1475 ),  ( 1.3225 , 1.3225 )
	Orthogonal vector: [ 0.35 , -0.35 ]
	Tangent vector:    [ 0.35 , 0.35 ]
	Length:              0.494975

	edge(2) loc = 2 glob = 5 orientation 1
	Midpoint:          ( 0.705 , 1.705 )
	1/4 & 3/4 nodes:   ( 1.0575 , 1.5575 ),  ( 0.3525 , 1.8525 )
	Orthogonal vector: [ 0.59 , 1.41 ]
	Tangent vector:    [ -1.41 , 0.59 ]
	Length:              1.52846

	edge(3) loc = 3 glob = 6 orientation 1
	Midpoint:          ( 0 , 1.75 )
	1/4 & 3/4 nodes:   ( 0 , 1.875 ),  ( 0 , 1.625 )
	Orthogonal vector: [ -0.5 , 0 ]
	Tangent vector:    [ 0 , -0.5 ]
	Length:              0.5

	poly(0) loc = 0 glob = 0
	poly(1) loc = 1 glob = 2
	poly(2) not existing
	poly(3) not existing

	Mapping polygon: actual ==> reference ==> actual 
	(x,y) = (0.53,1.28) ==> (s,t) = (0,-1) ==> (x,y) = (0.53,1.28)
	(x,y) = (1.235,1.235) ==> (s,t) = (1,0) ==> (x,y) = (1.235,1.235)
	(x,y) = (0.705,1.705) ==> (s,t) = (0,1) ==> (x,y) = (0.705,1.705)
	(x,y) = (0,1.75) ==> (s,t) = (-1,0) ==> (x,y) = (0,1.75)

	Jacobian:	  0.6175	  0.0875
	         	 -0.2575	  0.2125

	Inverse: 	 1.38211	-0.569106
	         	  1.6748	 4.01626


Built-in info for meshes: 

P2MESH STRUCTURE:

VERTICES
vertex:    0 (     0 ,     1 )
vertex:    1 (  0.71 ,  0.71 )
vertex:    2 (     1 ,     0 )
vertex:    3 (   1.5 ,     0 )
vertex:    4 (     2 ,     0 )
vertex:    5 (  1.41 ,  1.41 )
vertex:    6 (     0 ,     2 )
vertex:    7 (     0 ,   1.5 )
vertex:    8 (  1.06 ,  1.06 )

EDGES
edge:    0    V[     0     1 ]    P{     0   *   }
edge:    1    V[     1     2 ]    P{     1   *   }
edge:    2    V[     2     3 ]    P{     1   *   }
edge:    3    V[     3     4 ]    P{     2   *   }
edge:    4    V[     4     5 ]    P{     2   *   }
edge:    5    V[     5     6 ]    P{     3   *   }
edge:    6    V[     6     7 ]    P{     3   *   }
edge:    7    V[     7     0 ]    P{     0   *   }
edge:    8    V[     7     8 ]    P{     3     0 }
edge:    9    V[     8     3 ]    P{     2     1 }
edge:   10    V[     1     8 ]    P{     0     1 }
edge:   11    V[     8     5 ]    P{     3     2 }

POLYS
poly:    0    V[     0     1     8     7 ]    E[     0    10     8     7 ]
poly:    1    V[     1     2     3     8 ]    E[     1     2     9    10 ]
poly:    2    V[     8     3     4     5 ]    E[     9     3     4    11 ]
poly:    3    V[     7     8     5     6 ]    E[     8    11     5     6 ]

polygons = 4
edges    = 12
vertices = 9

Built-in info method for vertices: 
vertex:    0 (     0 ,     1 )
vertex:    1 (  0.71 ,  0.71 )
vertex:    2 (     1 ,     0 )
vertex:    3 (   1.5 ,     0 )
vertex:    4 (     2 ,     0 )
vertex:    5 (  1.41 ,  1.41 )
vertex:    6 (     0 ,     2 )
vertex:    7 (     0 ,   1.5 )
vertex:    8 (  1.06 ,  1.06 )


Built-in info method for edges: 
edge:    0    V[     0     1 ]    P{     0   *   }
edge:    1    V[     1     2 ]    P{     1   *   }
edge:    2    V[     2     3 ]    P{     1   *   }
edge:    3    V[     3     4 ]    P{     2   *   }
edge:    4    V[     4     5 ]    P{     2   *   }
edge:    5    V[     5     6 ]    P{     3   *   }
edge:    6    V[     6     7 ]    P{     3   *   }
edge:    7    V[     7     0 ]    P{     0   *   }
edge:    8    V[     7     8 ]    P{     3     0 }
edge:    9    V[     8     3 ]    P{     2     1 }
edge:   10    V[     1     8 ]    P{     0     1 }
edge:   11    V[     8     5 ]    P{     3     2 }


Built-in info method for polygons: 
poly:    0    V[     0     1     8     7 ]    E[     0    10     8     7 ]
poly:    1    V[     1     2     3     8 ]    E[     1     2     9    10 ]
poly:    2    V[     8     3     4     5 ]    E[     9     3     4    11 ]
poly:    3    V[     7     8     5     6 ]    E[     8    11     5     6 ]

Print vertex markers
vertex : 0 -- marker : 5
vertex : 1 -- marker : 1
vertex : 2 -- marker : 6
vertex : 3 -- marker : 2
vertex : 4 -- marker : 7
vertex : 5 -- marker : 3
vertex : 6 -- marker : 8
vertex : 7 -- marker : 4
vertex : 8 -- marker : 0

Print edge markers
edge (bnd) : 0 -- marker : 1
edge (bnd) : 1 -- marker : 1
edge (bnd) : 2 -- marker : 2
edge (bnd) : 3 -- marker : 2
edge (bnd) : 4 -- marker : 3
edge (bnd) : 5 -- marker : 3
edge (bnd) : 6 -- marker : 4
edge (bnd) : 7 -- marker : 4
edge (int) : 8 -- marker : 0
edge (int) : 9 -- marker : 0
edge (int) : 10 -- marker : 0
edge (int) : 11 -- marker : 0

Print quad markers
quad : 0 -- marker : 5
quad : 1 -- marker : 6
quad : 2 -- marker : 7
quad : 3 -- marker : 8

