### -*-maple-*-
########################################################################
### This program investigates Pade approximations to x*GAMMA(x) in
### [1,2].  It computes several rational polynomials of degree [p,q],
### and outputs the results in tabular form suitable for insertion in
### Fortran programs.
###
### The companion summary.awk program can be used to analyze the
### output of this program, sorting and classifying the results.
### [23-Jul-2000]
########################################################################

read("xgambase.map"):

########################################################################
### Numerical experiments show that the relative error does not drop
### below the double-precision macheps = 2^(-52) = 2.22e-16 until the
### sum of the degrees is > 12, so we use that as a guide for the loop
### limits.
###
### Sometimes the coefficients all have the same sign (==> no bit loss
### from subtraction), and sometimes they have mixed signs, so we need
### to examine a range of approximations.
###
### John R. Rice in his book ``The Approximation of Functions'' (1964)
### on p. 147 notes ``There appears to be no systematic method of
### determining, in an \emph{a priori} manner, which of these entries
### provides the best approximation in a particular sense.''.
########################################################################

printf("Digits := %d\n", Digits):

for p_degree from 0 to 17
do
	for q_degree from 0 to 17
	do
		if (evalb(p_degree + q_degree > 12))
		then
			pq_approx(p_degree, q_degree)
		fi:
	od:
od:
