****************************************************
** build_mesh **

Print vertex markers
vertex : 0 -- marker : ( Vertex = 0 )
vertex : 1 -- marker : ( Vertex = 1 )
vertex : 2 -- marker : ( Vertex = 2 )
vertex : 3 -- marker : ( Vertex = 3 )
vertex : 4 -- marker : ( Vertex = 4 )
vertex : 5 -- marker : ( Vertex = 5 )
vertex : 6 -- marker : ( Vertex = 6 )

Print edge markers
edge : 0 -- marker : ( Edge = 0 )
edge : 1 -- marker : ( Edge = 1 )
edge : 2 -- marker : ( Edge = 2 )
edge : 3 -- marker : ( Edge = 3 )
edge : 4 -- marker : ( Edge = 4 )
edge : 5 -- marker : ( Edge = 5 )
edge : 6 -- marker : ( Edge = 6 )
edge : 7 -- marker : ( Edge = 7 )
edge : 8 -- marker : ( Edge = 8 )

Print quad markers
quad : 0 -- marker : ( Poly = 0 )
quad : 1 -- marker : ( Poly = 1 )
quad : 2 -- marker : ( Poly = 2 )

** read_mesh("meshes/mmesh",...) **

Print vertex markers
vertex : 0 -- marker : ( node = 1.1 )
vertex : 1 -- marker : ( node = 2.1 )
vertex : 2 -- marker : ( node = 3.1 )
vertex : 3 -- marker : ( node = 4.1 )
vertex : 4 -- marker : ( node = 5.1 )
vertex : 5 -- marker : ( node = 6.1 )
vertex : 6 -- marker : ( node = 7.1 )

Print edge markers
edge : 0 -- marker : ( edge = 1 )
edge : 1 -- marker : ( edge = 2 )
edge : 2 -- marker : ( edge = 3 )
edge : 3 -- marker : ( edge = 4 )
edge : 4 -- marker : ( edge = 5 )
edge : 5 -- marker : ( edge = 6 )
edge : 6 -- marker : ( edge = 7 )
edge : 7 -- marker : ( edge = 8 )
edge : 8 -- marker : ( edge = 9 )

Print quad markers
quad : 0 -- marker : ( quad = 1.2 )
quad : 1 -- marker : ( quad = 2.2 )
quad : 2 -- marker : ( quad = 3.2 )

****************************************************
